Component: ARM Compiler 5.06 update 1 (build 61) Tool: armlink [4d35a8]

==============================================================================

Section Cross References

    twi_hw_master.o(i.my_delay_ms) refers to twi_hw_master.o(.emb_text) for __asm___15_twi_hw_master_c_959ec897__nrf_delay_us
    twi_hw_master.o(i.my_twi_read) refers to twi_hw_master.o(i.twi_master_transfer) for twi_master_transfer
    twi_hw_master.o(i.my_twi_read) refers to twi_hw_master.o(.data) for .data
    twi_hw_master.o(i.my_twi_write) refers to twi_hw_master.o(i.twi_master_transfer) for twi_master_transfer
    twi_hw_master.o(i.my_twi_write) refers to twi_hw_master.o(.bss) for .bss
    twi_hw_master.o(i.twi_master_clear_bus) refers to twi_hw_master.o(.emb_text) for __asm___15_twi_hw_master_c_959ec897__nrf_delay_us
    twi_hw_master.o(i.twi_master_init) refers to twi_hw_master.o(i.twi_master_clear_bus) for twi_master_clear_bus
    twi_hw_master.o(i.twi_master_read) refers to twi_hw_master.o(.emb_text) for __asm___15_twi_hw_master_c_959ec897__nrf_delay_us
    twi_hw_master.o(i.twi_master_read) refers to twi_hw_master.o(i.twi_master_init) for twi_master_init
    twi_hw_master.o(i.twi_master_transfer) refers to twi_hw_master.o(i.twi_master_clear_bus) for twi_master_clear_bus
    twi_hw_master.o(i.twi_master_transfer) refers to twi_hw_master.o(i.twi_master_read) for twi_master_read
    twi_hw_master.o(i.twi_master_transfer) refers to twi_hw_master.o(i.twi_master_write) for twi_master_write
    twi_hw_master.o(i.twi_master_write) refers to twi_hw_master.o(.emb_text) for __asm___15_twi_hw_master_c_959ec897__nrf_delay_us
    twi_hw_master.o(i.twi_master_write) refers to twi_hw_master.o(i.twi_master_init) for twi_master_init
    ble_nus.o(i.ble_nus_init) refers to ble_nus.o(i.char_add) for char_add
    ble_nus.o(i.ble_nus_init) refers to ble_nus.o(.constdata) for .constdata
    ble_nus.o(i.ble_nus_on_ble_evt) refers to ble_nus.o(i.on_write) for on_write
    ble_nus.o(i.char_add) refers to memseta.o(.text) for __aeabi_memclr4
    ble_nus.o(i.on_write) refers to ble_nus.o(i.ble_srv_is_notification_enabled) for ble_srv_is_notification_enabled
    main.o(i.advertising_init) refers to memseta.o(.text) for __aeabi_memclr4
    main.o(i.advertising_init) refers to ble_advertising.o(i.ble_advertising_init) for ble_advertising_init
    main.o(i.advertising_init) refers to app_error.o(i.app_error_handler) for app_error_handler
    main.o(i.advertising_init) refers to main.o(.data) for .data
    main.o(i.advertising_init) refers to main.o(i.on_adv_evt) for on_adv_evt
    main.o(i.app_timer_evt_get) refers to app_error.o(i.app_error_handler) for app_error_handler
    main.o(i.app_timer_evt_schedule) refers to app_scheduler.o(i.app_sched_event_put) for app_sched_event_put
    main.o(i.app_timer_evt_schedule) refers to main.o(i.app_timer_evt_get) for app_timer_evt_get
    main.o(i.assert_nrf_callback) refers to app_error.o(i.app_error_handler) for app_error_handler
    main.o(i.ble_evt_dispatch) refers to ble_conn_params.o(i.ble_conn_params_on_ble_evt) for ble_conn_params_on_ble_evt
    main.o(i.ble_evt_dispatch) refers to ble_nus.o(i.ble_nus_on_ble_evt) for ble_nus_on_ble_evt
    main.o(i.ble_evt_dispatch) refers to main.o(i.on_ble_evt) for on_ble_evt
    main.o(i.ble_evt_dispatch) refers to ble_advertising.o(i.ble_advertising_on_ble_evt) for ble_advertising_on_ble_evt
    main.o(i.ble_evt_dispatch) refers to bsp_btn_ble.o(i.bsp_btn_ble_on_ble_evt) for bsp_btn_ble_on_ble_evt
    main.o(i.ble_evt_dispatch) refers to main.o(.bss) for .bss
    main.o(i.bsp_event_handler) refers to main.o(i.sleep_mode_enter) for sleep_mode_enter
    main.o(i.bsp_event_handler) refers to app_error.o(i.app_error_handler) for app_error_handler
    main.o(i.bsp_event_handler) refers to ble_advertising.o(i.ble_advertising_restart_without_whitelist) for ble_advertising_restart_without_whitelist
    main.o(i.bsp_event_handler) refers to main.o(.data) for .data
    main.o(i.conn_params_error_handler) refers to app_error.o(i.app_error_handler) for app_error_handler
    main.o(i.main) refers to app_scheduler.o(i.app_sched_init) for app_sched_init
    main.o(i.main) refers to app_error.o(i.app_error_handler) for app_error_handler
    main.o(i.main) refers to app_timer.o(i.app_timer_init) for app_timer_init
    main.o(i.main) refers to sensor_notify.o(i.create_sensor_timer) for create_sensor_timer
    main.o(i.main) refers to twi_hw_master.o(i.twi_master_init) for twi_master_init
    main.o(i.main) refers to nrf_delay.o(i.nrf_delay_ms) for nrf_delay_ms
    main.o(i.main) refers to mpu6050.o(i.mpu6050_init) for mpu6050_init
    main.o(i.main) refers to softdevice_handler.o(i.softdevice_handler_init) for softdevice_handler_init
    main.o(i.main) refers to softdevice_handler.o(i.softdevice_ble_evt_handler_set) for softdevice_ble_evt_handler_set
    main.o(i.main) refers to ble_nus.o(i.ble_nus_init) for ble_nus_init
[...]
    app_button.o(i.app_button_enable) refers to app_button.o(.data) for .data
    app_button.o(i.app_button_init) refers to nrf_drv_gpiote.o(i.nrf_drv_gpiote_is_init) for nrf_drv_gpiote_is_init
    app_button.o(i.app_button_init) refers to nrf_drv_gpiote.o(i.nrf_drv_gpiote_init) for nrf_drv_gpiote_init
    app_button.o(i.app_button_init) refers to nrf_drv_gpiote.o(i.nrf_drv_gpiote_in_init) for nrf_drv_gpiote_in_init
    app_button.o(i.app_button_init) refers to app_timer.o(i.app_timer_create) for app_timer_create
    app_button.o(i.app_button_init) refers to app_button.o(.data) for .data
    app_button.o(i.app_button_init) refers to app_button.o(.constdata) for .constdata
    app_button.o(i.app_button_init) refers to app_button.o(i.gpiote_event_handler) for gpiote_event_handler
    app_button.o(i.app_button_init) refers to app_button.o(i.detection_delay_timeout_handler) for detection_delay_timeout_handler
    app_button.o(i.app_button_is_pushed) refers to nrf_drv_gpiote.o(i.nrf_drv_gpiote_in_is_set) for nrf_drv_gpiote_in_is_set
    app_button.o(i.app_button_is_pushed) refers to app_button.o(.data) for .data
    app_button.o(i.detection_delay_timeout_handler) refers to nrf_drv_gpiote.o(i.nrf_drv_gpiote_in_is_set) for nrf_drv_gpiote_in_is_set
    app_button.o(i.detection_delay_timeout_handler) refers to app_button.o(.data) for .data
    app_button.o(i.gpiote_event_handler) refers to app_timer.o(i.app_timer_stop) for app_timer_stop
    app_button.o(i.gpiote_event_handler) refers to nrf_drv_gpiote.o(i.nrf_drv_gpiote_in_is_set) for nrf_drv_gpiote_in_is_set
    app_button.o(i.gpiote_event_handler) refers to app_timer.o(i.app_timer_start) for app_timer_start
    app_button.o(i.gpiote_event_handler) refers to app_button.o(.data) for .data
    app_scheduler.o(i.app_sched_event_get) refers to app_scheduler.o(.data) for .data
    app_scheduler.o(i.app_sched_event_put) refers to app_error.o(i.app_error_handler) for app_error_handler
    app_scheduler.o(i.app_sched_event_put) refers to memcpya.o(.text) for __aeabi_memcpy
    app_scheduler.o(i.app_sched_event_put) refers to app_scheduler.o(.data) for .data
    app_scheduler.o(i.app_sched_execute) refers to app_scheduler.o(i.app_sched_event_get) for app_sched_event_get
    app_scheduler.o(i.app_sched_init) refers to app_scheduler.o(.data) for .data
    app_timer.o(i.RTC1_IRQHandler) refers to app_timer.o(i.timer_timeouts_check) for timer_timeouts_check
    app_timer.o(i.SWI0_IRQHandler) refers to app_timer.o(i.elapsed_ticks_acquire) for elapsed_ticks_acquire
    app_timer.o(i.SWI0_IRQHandler) refers to app_timer.o(i.list_deletions_handler) for list_deletions_handler
    app_timer.o(i.SWI0_IRQHandler) refers to app_timer.o(i.expired_timers_handler) for expired_timers_handler
    app_timer.o(i.SWI0_IRQHandler) refers to app_timer.o(i.list_insertions_handler) for list_insertions_handler
    app_timer.o(i.SWI0_IRQHandler) refers to app_timer.o(i.compare_reg_update) for compare_reg_update
    app_timer.o(i.SWI0_IRQHandler) refers to app_timer.o(.data) for .data
    app_timer.o(i.app_timer_create) refers to app_timer.o(.data) for .data
    app_timer.o(i.app_timer_init) refers to app_timer.o(i.rtc1_stop) for rtc1_stop
    app_timer.o(i.app_timer_init) refers to app_timer.o(i.__NVIC_ClearPendingIRQ) for __NVIC_ClearPendingIRQ
    app_timer.o(i.app_timer_init) refers to app_timer.o(i.__NVIC_SetPriority) for __NVIC_SetPriority
    app_timer.o(i.app_timer_init) refers to app_timer.o(i.__NVIC_EnableIRQ) for __NVIC_EnableIRQ
    app_timer.o(i.app_timer_init) refers to app_timer.o(.data) for .data
    app_timer.o(i.app_timer_start) refers to app_timer.o(i.user_id_get) for user_id_get
    app_timer.o(i.app_timer_start) refers to app_timer.o(i.user_op_alloc) for user_op_alloc
    app_timer.o(i.app_timer_start) refers to app_timer.o(i.__NVIC_SetPendingIRQ) for __NVIC_SetPendingIRQ
    app_timer.o(i.app_timer_start) refers to app_timer.o(.data) for .data
    app_timer.o(i.app_timer_stop) refers to app_timer.o(i.user_id_get) for user_id_get
    app_timer.o(i.app_timer_stop) refers to app_timer.o(i.user_op_alloc) for user_op_alloc
    app_timer.o(i.app_timer_stop) refers to app_timer.o(i.__NVIC_SetPendingIRQ) for __NVIC_SetPendingIRQ
    app_timer.o(i.app_timer_stop) refers to app_timer.o(.data) for .data
    app_timer.o(i.app_timer_stop_all) refers to app_timer.o(i.user_id_get) for user_id_get
    app_timer.o(i.app_timer_stop_all) refers to app_timer.o(i.user_op_alloc) for user_op_alloc
    app_timer.o(i.app_timer_stop_all) refers to app_timer.o(i.__NVIC_SetPendingIRQ) for __NVIC_SetPendingIRQ
    app_timer.o(i.app_timer_stop_all) refers to app_timer.o(.data) for .data
    app_timer.o(i.compare_reg_update) refers to app_timer.o(i.__NVIC_ClearPendingIRQ) for __NVIC_ClearPendingIRQ
    app_timer.o(i.compare_reg_update) refers to app_timer.o(i.__NVIC_EnableIRQ) for __NVIC_EnableIRQ
    app_timer.o(i.compare_reg_update) refers to app_timer.o(.emb_text) for __asm___11_app_timer_c_cd27f9c3__nrf_delay_us
    app_timer.o(i.compare_reg_update) refers to app_timer.o(i.__NVIC_SetPendingIRQ) for __NVIC_SetPendingIRQ
    app_timer.o(i.compare_reg_update) refers to app_timer.o(i.rtc1_stop) for rtc1_stop
    app_timer.o(i.compare_reg_update) refers to app_timer.o(.data) for .data
    app_timer.o(i.elapsed_ticks_acquire) refers to app_timer.o(.data) for .data
    app_timer.o(i.expired_timers_handler) refers to app_timer.o(.data) for .data
    app_timer.o(i.list_deletions_handler) refers to app_timer.o(i.timer_list_remove) for timer_list_remove
    app_timer.o(i.list_deletions_handler) refers to app_timer.o(.data) for .data
    app_timer.o(i.list_insertions_handler) refers to app_timer.o(i.timer_list_insert) for timer_list_insert
    app_timer.o(i.list_insertions_handler) refers to app_timer.o(.data) for .data
    app_timer.o(i.rtc1_stop) refers to app_timer.o(.emb_text) for __asm___11_app_timer_c_cd27f9c3__nrf_delay_us
    app_timer.o(i.rtc1_stop) refers to app_timer.o(.data) for .data
    app_timer.o(i.timer_list_insert) refers to app_timer.o(.data) for .data
    app_timer.o(i.timer_list_remove) refers to app_timer.o(.data) for .data
    app_timer.o(i.timer_timeouts_check) refers to app_error.o(i.app_error_handler) for app_error_handler
    app_timer.o(i.timer_timeouts_check) refers to app_timer.o(i.__NVIC_SetPendingIRQ) for __NVIC_SetPendingIRQ
    app_timer.o(i.timer_timeouts_check) refers to app_timer.o(.data) for .data
    retarget.o(i.fgetc) refers to app_uart_fifo.o(i.app_uart_get) for app_uart_get
    retarget.o(i.fputc) refers to app_uart_fifo.o(i.app_uart_put) for app_uart_put
    softdevice_handler.o(i.SWI2_IRQHandler) refers to app_error.o(i.app_error_handler) for app_error_handler
    softdevice_handler.o(i.SWI2_IRQHandler) refers to softdevice_handler.o(i.intern_softdevice_events_execute) for intern_softdevice_events_execute
    softdevice_handler.o(i.SWI2_IRQHandler) refers to softdevice_handler.o(.data) for .data
    softdevice_handler.o(i.intern_softdevice_events_execute) refers to app_error.o(i.app_error_handler) for app_error_handler
    softdevice_handler.o(i.intern_softdevice_events_execute) refers to softdevice_handler.o(.data) for .data
    softdevice_handler.o(i.softdevice_assertion_handler) refers (Weak) to main.o(i.assert_nrf_callback) for assert_nrf_callback
    softdevice_handler.o(i.softdevice_ble_evt_handler_set) refers to softdevice_handler.o(.data) for .data
    softdevice_handler.o(i.softdevice_handler_init) refers to softdevice_handler.o(.data) for .data
    softdevice_handler.o(i.softdevice_handler_init) refers to softdevice_handler.o(i.softdevice_assertion_handler) for softdevice_assertion_handler
    softdevice_handler.o(i.softdevice_handler_sd_disable) refers to softdevice_handler.o(.data) for .data
    softdevice_handler.o(i.softdevice_sys_evt_handler_set) refers to softdevice_handler.o(.data) for .data
    entry.o(.ARM.Collect$$$$00000000) refers (Special) to entry10a.o(.ARM.Collect$$$$0000000D) for __rt_final_cpp
    entry.o(.ARM.Collect$$$$00000000) refers (Special) to entry11a.o(.ARM.Collect$$$$0000000F) for __rt_final_exit
    entry.o(.ARM.Collect$$$$00000000) refers (Special) to entry7b.o(.ARM.Collect$$$$00000008) for _main_clock
    entry.o(.ARM.Collect$$$$00000000) refers (Special) to entry8b.o(.ARM.Collect$$$$0000000A) for _main_cpp_init
    entry.o(.ARM.Collect$$$$00000000) refers (Special) to entry9a.o(.ARM.Collect$$$$0000000B) for _main_init
    entry.o(.ARM.Collect$$$$00000000) refers (Special) to entry5.o(.ARM.Collect$$$$00000004) for _main_scatterload
    entry.o(.ARM.Collect$$$$00000000) refers (Special) to entry2.o(.ARM.Collect$$$$00000001) for _main_stk
    idiv.o(.text) refers to uidiv.o(.text) for __aeabi_uidivmod
    entry2.o(.ARM.Collect$$$$00000001) refers to entry2.o(.ARM.Collect$$$$00002712) for __lit__00000000
    entry2.o(.ARM.Collect$$$$00002712) refers to arm_startup_nrf51.o(STACK) for __initial_sp
    entry2.o(__vectab_stack_and_reset_area) refers to arm_startup_nrf51.o(STACK) for __initial_sp
    entry2.o(__vectab_stack_and_reset_area) refers to entry.o(.ARM.Collect$$$$00000000) for __main
    entry5.o(.ARM.Collect$$$$00000004) refers to init.o(.text) for __scatterload
    entry9a.o(.ARM.Collect$$$$0000000B) refers to main.o(i.main) for main
    entry9b.o(.ARM.Collect$$$$0000000C) refers to main.o(i.main) for main
    init.o(.text) refers to entry5.o(.ARM.Collect$$$$00000004) for __main_after_scatterload


==============================================================================

Removing Unused input sections from the image.

    Removing twi_hw_master.o(.rev16_text), (4 bytes).
    Removing twi_hw_master.o(.revsh_text), (4 bytes).
    Removing twi_hw_master.o(i.delay_us), (18 bytes).
    Removing twi_hw_master.o(i.my_delay_ms), (28 bytes).
    Removing twi_hw_master.o(i.my_get_ms), (2 bytes).
    Removing main.o(.rev16_text), (4 bytes).
    Removing main.o(.revsh_text), (4 bytes).
    Removing main.o(.emb_text), (30 bytes).
    Removing main.o(i.assert_nrf_callback), (20 bytes).
    Removing main.o(i.bsp_event_handler), (60 bytes).
    Removing main.o(i.uart_event_handle), (92 bytes).
    Removing main.o(.data), (1 bytes).
    Removing mpu6050.o(.rev16_text), (4 bytes).
    Removing mpu6050.o(.revsh_text), (4 bytes).
    Removing mpu6050.o(i.mpu6050_register_write), (28 bytes).
    Removing mpu6050.o(i.mpu6050_verify_product_id), (32 bytes).
    Removing mpu6050.o(.data), (1 bytes).
    Removing sensor_notify.o(.rev16_text), (4 bytes).
    Removing sensor_notify.o(.revsh_text), (4 bytes).
    Removing sensor_notify.o(.emb_text), (30 bytes).
    Removing bsp.o(.rev16_text), (4 bytes).
    Removing bsp.o(.revsh_text), (4 bytes).
    Removing bsp.o(i.alert_timer_handler), (24 bytes).
    Removing bsp.o(i.bsp_button_is_pressed), (44 bytes).
    Removing bsp.o(i.bsp_buttons_disable), (8 bytes).
    Removing bsp.o(i.bsp_buttons_enable), (8 bytes).
    Removing bsp.o(i.bsp_buttons_state_get), (60 bytes).
    Removing bsp.o(i.bsp_indication_text_set), (8 bytes).
    Removing bsp.o(i.bsp_init), (160 bytes).
    Removing bsp.o(i.button_timer_handler), (12 bytes).
    Removing bsp.o(i.leds_timer_handler), (24 bytes).
    Removing bsp_btn_ble.o(.rev16_text), (4 bytes).
    Removing bsp_btn_ble.o(.revsh_text), (4 bytes).
    Removing bsp_btn_ble.o(i.bsp_btn_ble_init), (84 bytes).
    Removing arm_startup_nrf51.o(HEAP), (2048 bytes).
    Removing system_nrf51.o(.rev16_text), (4 bytes).
    Removing system_nrf51.o(.revsh_text), (4 bytes).
    Removing system_nrf51.o(i.SystemCoreClockUpdate), (16 bytes).
    Removing ble_advertising.o(.rev16_text), (4 bytes).
    Removing ble_advertising.o(.revsh_text), (4 bytes).
    Removing ble_advertising.o(i.ble_advertising_on_sys_evt), (48 bytes).
    Removing ble_advertising.o(i.ble_advertising_peer_addr_reply), (48 bytes).
    Removing ble_advertising.o(i.ble_advertising_restart_without_whitelist), (64 bytes).
    Removing ble_advertising.o(i.ble_advertising_whitelist_reply), (84 bytes).
    Removing ble_conn_params.o(i.ble_conn_params_change_conn_params), (80 bytes).
    Removing ble_conn_params.o(i.ble_conn_params_stop), (16 bytes).
    Removing ble_srv_common.o(i.ble_srv_ascii_to_utf8), (18 bytes).
    Removing ble_srv_common.o(i.ble_srv_report_ref_encode), (12 bytes).
    Removing ble_srv_common.o(i.characteristic_add), (264 bytes).
    Removing ble_srv_common.o(i.set_security_req), (52 bytes).
    Removing app_uart_fifo.o(.rev16_text), (4 bytes).
    Removing app_uart_fifo.o(.revsh_text), (4 bytes).
    Removing app_uart_fifo.o(i.app_uart_close), (36 bytes).
    Removing app_uart_fifo.o(i.app_uart_flush), (28 bytes).
    Removing app_uart_fifo.o(i.app_uart_get), (16 bytes).
    Removing app_uart_fifo.o(i.app_uart_get_connection_state), (20 bytes).
    Removing app_uart_fifo.o(i.app_uart_init), (404 bytes).
    Removing app_uart_fifo.o(i.gpiote_uart_event_handler), (22 bytes).
    Removing app_uart_fifo.o(.constdata), (8 bytes).
    Removing pstorage.o(.rev16_text), (4 bytes).
    Removing pstorage.o(.revsh_text), (4 bytes).
    Removing pstorage.o(i.app_notify), (44 bytes).
    Removing pstorage.o(i.app_notify_error_state_transit), (32 bytes).
    Removing pstorage.o(i.clear_operation_execute), (260 bytes).
    Removing pstorage.o(i.clear_post_processing_run), (36 bytes).
    Removing pstorage.o(i.cmd_process), (56 bytes).
    Removing pstorage.o(i.cmd_queue_element_init), (32 bytes).
    Removing pstorage.o(i.cmd_queue_enqueue), (76 bytes).
    Removing pstorage.o(i.command_end_procedure_run), (60 bytes).
    Removing pstorage.o(i.data_page_erase_state_run), (84 bytes).
    Removing pstorage.o(i.data_to_swap_write_state_run), (40 bytes).
    Removing pstorage.o(i.flash_api_err_code_process), (32 bytes).
    Removing pstorage.o(i.flash_operation_success_run), (128 bytes).
    Removing pstorage.o(i.flash_page_erase), (10 bytes).
    Removing pstorage.o(i.flash_write), (10 bytes).
    Removing pstorage.o(i.head_restore_state_run), (120 bytes).
    Removing pstorage.o(i.is_page_erase_required), (68 bytes).
    Removing pstorage.o(i.is_word_aligned), (12 bytes).
    Removing pstorage.o(i.main_state_err_busy_process), (24 bytes).
    Removing pstorage.o(i.pstorage_block_identifier_get), (84 bytes).
    Removing pstorage.o(i.pstorage_clear), (164 bytes).
    Removing pstorage.o(i.pstorage_flash_page_end), (36 bytes).
    Removing pstorage.o(i.pstorage_flash_page_size), (10 bytes).
    Removing pstorage.o(i.pstorage_init), (76 bytes).
    Removing pstorage.o(i.pstorage_load), (168 bytes).
    Removing pstorage.o(i.pstorage_register), (180 bytes).
    Removing pstorage.o(i.pstorage_store), (144 bytes).
    Removing pstorage.o(i.pstorage_sys_event_handler), (76 bytes).
    Removing pstorage.o(i.pstorage_update), (144 bytes).
    Removing pstorage.o(i.sm_state_change), (72 bytes).
    Removing pstorage.o(i.state_data_erase_swap_entry_run), (100 bytes).
    Removing pstorage.o(i.state_erase_data_page_entry_run), (16 bytes).
    Removing pstorage.o(i.state_restore_head_entry_run), (40 bytes).
    Removing pstorage.o(i.state_restore_tail_entry_run), (76 bytes).
    Removing pstorage.o(i.state_swap_erase_entry_run), (32 bytes).
    Removing pstorage.o(i.state_write_data_swap_entry_run), (48 bytes).
    Removing pstorage.o(i.store_cmd_flash_write_execute), (92 bytes).
    Removing pstorage.o(i.swap_erase_state_run), (28 bytes).
    Removing pstorage.o(i.swap_sub_state_err_busy_process), (24 bytes).
    Removing pstorage.o(i.swap_sub_state_state_change), (20 bytes).
    Removing pstorage.o(i.tail_restore_state_run), (28 bytes).
    Removing pstorage.o(.constdata), (40 bytes).
    Removing nrf_drv_common.o(.rev16_text), (4 bytes).
    Removing nrf_drv_common.o(.revsh_text), (4 bytes).
    Removing nrf_drv_common.o(i.nrf_drv_common_irq_enable), (104 bytes).
    Removing nrf_drv_gpiote.o(.rev16_text), (4 bytes).
    Removing nrf_drv_gpiote.o(.revsh_text), (4 bytes).
    Removing nrf_drv_gpiote.o(i.channel_free), (28 bytes).
    Removing nrf_drv_gpiote.o(i.channel_port_alloc), (72 bytes).
    Removing nrf_drv_gpiote.o(i.nrf_drv_gpiote_in_event_addr_get), (24 bytes).
    Removing nrf_drv_gpiote.o(i.nrf_drv_gpiote_in_event_disable), (84 bytes).
    Removing nrf_drv_gpiote.o(i.nrf_drv_gpiote_in_event_enable), (160 bytes).
    Removing nrf_drv_gpiote.o(i.nrf_drv_gpiote_in_init), (148 bytes).
    Removing nrf_drv_gpiote.o(i.nrf_drv_gpiote_in_is_set), (20 bytes).
    Removing nrf_drv_gpiote.o(i.nrf_drv_gpiote_in_uninit), (84 bytes).
    Removing nrf_drv_gpiote.o(i.nrf_drv_gpiote_init), (84 bytes).
    Removing nrf_drv_gpiote.o(i.nrf_drv_gpiote_is_init), (16 bytes).
    Removing nrf_drv_gpiote.o(i.nrf_drv_gpiote_out_clear), (16 bytes).
    Removing nrf_drv_gpiote.o(i.nrf_drv_gpiote_out_init), (152 bytes).
    Removing nrf_drv_gpiote.o(i.nrf_drv_gpiote_out_set), (16 bytes).
    Removing nrf_drv_gpiote.o(i.nrf_drv_gpiote_out_task_addr_get), (20 bytes).
    Removing nrf_drv_gpiote.o(i.nrf_drv_gpiote_out_task_disable), (32 bytes).
    Removing nrf_drv_gpiote.o(i.nrf_drv_gpiote_out_task_enable), (48 bytes).
    Removing nrf_drv_gpiote.o(i.nrf_drv_gpiote_out_task_force), (48 bytes).
    Removing nrf_drv_gpiote.o(i.nrf_drv_gpiote_out_task_trigger), (24 bytes).
    Removing nrf_drv_gpiote.o(i.nrf_drv_gpiote_out_toggle), (28 bytes).
    Removing nrf_drv_gpiote.o(i.nrf_drv_gpiote_out_uninit), (52 bytes).
    Removing nrf_drv_gpiote.o(i.nrf_drv_gpiote_uninit), (56 bytes).
    Removing nrf_drv_gpiote.o(i.pin_in_use_by_port), (24 bytes).
    Removing nrf_drv_gpiote.o(i.pin_in_use_by_te), (24 bytes).
    Removing nrf_delay.o(.rev16_text), (4 bytes).
    Removing nrf_delay.o(.revsh_text), (4 bytes).
    Removing app_button.o(.rev16_text), (4 bytes).
    Removing app_button.o(.revsh_text), (4 bytes).
    Removing app_button.o(i.app_button_disable), (40 bytes).
    Removing app_button.o(i.app_button_enable), (36 bytes).
    Removing app_button.o(i.app_button_init), (120 bytes).
    Removing app_button.o(i.app_button_is_pushed), (44 bytes).
    Removing app_button.o(i.detection_delay_timeout_handler), (96 bytes).
    Removing app_button.o(i.gpiote_event_handler), (76 bytes).
    Removing app_button.o(.constdata), (4 bytes).
    Removing app_button.o(.data), (24 bytes).
    Removing app_error.o(.rev16_text), (4 bytes).
    Removing app_error.o(.revsh_text), (4 bytes).
    Removing app_fifo.o(i.app_fifo_flush), (8 bytes).
    Removing app_fifo.o(i.app_fifo_init), (36 bytes).
    Removing app_scheduler.o(.rev16_text), (4 bytes).
    Removing app_scheduler.o(.revsh_text), (4 bytes).
    Removing app_timer.o(.rev16_text), (4 bytes).
    Removing app_timer.o(.revsh_text), (4 bytes).
    Removing app_timer.o(i.app_timer_cnt_diff_compute), (12 bytes).
    Removing app_timer.o(i.app_timer_cnt_get), (16 bytes).
    Removing retarget.o(.rev16_text), (4 bytes).
    Removing retarget.o(.revsh_text), (4 bytes).
    Removing retarget.o(i.fgetc), (18 bytes).
    Removing retarget.o(i.fputc), (14 bytes).
    Removing retarget.o(.data), (4 bytes).
    Removing retarget.o(.data), (4 bytes).
    Removing softdevice_handler.o(.rev16_text), (4 bytes).
    Removing softdevice_handler.o(.revsh_text), (4 bytes).
    Removing softdevice_handler.o(i.softdevice_handler_sd_disable), (24 bytes).
    Removing softdevice_handler.o(i.softdevice_sys_evt_handler_set), (20 bytes).

162 unused section(s) (total 8992 bytes) removed from the image.

==============================================================================

Image Symbol Table

    Local Symbols

    Symbol Name                              Value     Ov Type        Size  Object(Section)

    ../clib/microlib/division.c              0x00000000   Number         0  idiv.o ABSOLUTE
    ../clib/microlib/division.c              0x00000000   Number         0  uidiv.o ABSOLUTE
    ../clib/microlib/init/entry.s            0x00000000   Number         0  entry9a.o ABSOLUTE
    ../clib/microlib/init/entry.s            0x00000000   Number         0  entry8b.o ABSOLUTE
    ../clib/microlib/init/entry.s            0x00000000   Number         0  entry7a.o ABSOLUTE
    ../clib/microlib/init/entry.s            0x00000000   Number         0  entry8a.o ABSOLUTE
    ../clib/microlib/init/entry.s            0x00000000   Number         0  entry5.o ABSOLUTE
    ../clib/microlib/init/entry.s            0x00000000   Number         0  entry7b.o ABSOLUTE
    ../clib/microlib/init/entry.s            0x00000000   Number         0  entry2.o ABSOLUTE
    ../clib/microlib/init/entry.s            0x00000000   Number         0  entry.o ABSOLUTE
    ../clib/microlib/init/entry.s            0x00000000   Number         0  entry11a.o ABSOLUTE
    ../clib/microlib/init/entry.s            0x00000000   Number         0  entry11b.o ABSOLUTE
    ../clib/microlib/init/entry.s            0x00000000   Number         0  entry10b.o ABSOLUTE
    ../clib/microlib/init/entry.s            0x00000000   Number         0  entry10a.o ABSOLUTE
    ../clib/microlib/init/entry.s            0x00000000   Number         0  entry9b.o ABSOLUTE
    ../clib/microlib/string/memcpy.c         0x00000000   Number         0  memcpya.o ABSOLUTE
    ../clib/microlib/string/memcpy.c         0x00000000   Number         0  memcpyb.o ABSOLUTE
    ../clib/microlib/string/memset.c         0x00000000   Number         0  memseta.o ABSOLUTE
    ../clib/microlib/string/strlen.c         0x00000000   Number         0  strlen.o ABSOLUTE
    ..\..\..\iic\twi_hw_master.c             0x00000000   Number         0  twi_hw_master.o ABSOLUTE
    ..\..\..\main.c                          0x00000000   Number         0  main.o ABSOLUTE
    ..\..\..\nus_service\ble_nus.c           0x00000000   Number         0  ble_nus.o ABSOLUTE
    ..\..\..\sensor\mpu6050.c                0x00000000   Number         0  mpu6050.o ABSOLUTE
    ..\..\..\sensor\sci2a.c                  0x00000000   Number         0  sci2a.o ABSOLUTE
    ..\..\..\sensor\sensor_notify.c          0x00000000   Number         0  sensor_notify.o ABSOLUTE
    ..\\..\\..\\iic\\twi_hw_master.c         0x00000000   Number         0  twi_hw_master.o ABSOLUTE
    ..\\..\\..\\main.c                       0x00000000   Number         0  main.o ABSOLUTE
    ..\\..\\..\\sensor\\mpu6050.c            0x00000000   Number         0  mpu6050.o ABSOLUTE
    ..\\..\\..\\sensor\\sensor_notify.c      0x00000000   Number         0  sensor_notify.o ABSOLUTE
    D:\Keil_v5\ARM\PACK\NordicSemiconductor\nRF_BLE\3.0.1\common\ble_srv_common.c 0x00000000   Number         0  ble_srv_common.o ABSOLUTE
    D:\Keil_v5\ARM\PACK\NordicSemiconductor\nRF_Drivers\3.0.1\common\nrf_drv_common.c 0x00000000   Number         0  nrf_drv_common.o ABSOLUTE
    D:\Keil_v5\ARM\PACK\NordicSemiconductor\nRF_Drivers\3.0.1\gpiote\nrf_drv_gpiote.c 0x00000000   Number         0  nrf_drv_gpiote.o ABSOLUTE
    D:\Keil_v5\ARM\PACK\NordicSemiconductor\nRF_Drivers\3.0.1\hal\nrf_delay.c 0x00000000   Number         0  nrf_delay.o ABSOLUTE
    D:\\Keil_v5\\ARM\\PACK\\NordicSemiconductor\\nRF_Drivers\\3.0.1\\common\\nrf_drv_common.c 0x00000000   Number         0  nrf_drv_common.o ABSOLUTE
    D:\\Keil_v5\\ARM\\PACK\\NordicSemiconductor\\nRF_Drivers\\3.0.1\\gpiote\\nrf_drv_gpiote.c 0x00000000   Number         0  nrf_drv_gpiote.o ABSOLUTE
    D:\\Keil_v5\\ARM\\PACK\\NordicSemiconductor\\nRF_Drivers\\3.0.1\\hal\\nrf_delay.c 0x00000000   Number         0  nrf_delay.o ABSOLUTE
    RTE\Board_Support\nRF51422_xxAC\bsp.c    0x00000000   Number         0  bsp.o ABSOLUTE
    RTE\Board_Support\nRF51422_xxAC\bsp_btn_ble.c 0x00000000   Number         0  bsp_btn_ble.o ABSOLUTE
    RTE\Device\nRF51422_xxAC\arm_startup_nrf51.s 0x00000000   Number         0  arm_startup_nrf51.o ABSOLUTE
    RTE\Device\nRF51422_xxAC\system_nrf51.c  0x00000000   Number         0  system_nrf51.o ABSOLUTE
    RTE\\Board_Support\\nRF51422_xxAC\\bsp.c 0x00000000   Number         0  bsp.o ABSOLUTE
    RTE\\Board_Support\\nRF51422_xxAC\\bsp_btn_ble.c 0x00000000   Number         0  bsp_btn_ble.o ABSOLUTE
    RTE\\Device\\nRF51422_xxAC\\system_nrf51.c 0x00000000   Number         0  system_nrf51.o ABSOLUTE
    RTE\\nRF_BLE\\nRF51422_xxAC\\ble_advertising.c 0x00000000   Number         0  ble_advertising.o ABSOLUTE
    RTE\\nRF_Drivers\\nRF51422_xxAC\\app_uart_fifo.c 0x00000000   Number         0  app_uart_fifo.o ABSOLUTE
    RTE\\nRF_Drivers\\nRF51422_xxAC\\pstorage.c 0x00000000   Number         0  pstorage.o ABSOLUTE
    RTE\\nRF_Libraries\\nRF51422_xxAC\\app_button.c 0x00000000   Number         0  app_button.o ABSOLUTE
    RTE\\nRF_Libraries\\nRF51422_xxAC\\app_error.c 0x00000000   Number         0  app_error.o ABSOLUTE
    RTE\\nRF_Libraries\\nRF51422_xxAC\\app_scheduler.c 0x00000000   Number         0  app_scheduler.o ABSOLUTE
    RTE\\nRF_Libraries\\nRF51422_xxAC\\app_timer.c 0x00000000   Number         0  app_timer.o ABSOLUTE
    RTE\\nRF_Libraries\\nRF51422_xxAC\\retarget.c 0x00000000   Number         0  retarget.o ABSOLUTE
    RTE\\nRF_SoftDevice\\nRF51422_xxAC\\softdevice_handler.c 0x00000000   Number         0  softdevice_handler.o ABSOLUTE
    RTE\nRF_BLE\nRF51422_xxAC\ble_advdata.c  0x00000000   Number         0  ble_advdata.o ABSOLUTE
    RTE\nRF_BLE\nRF51422_xxAC\ble_advertising.c 0x00000000   Number         0  ble_advertising.o ABSOLUTE
    RTE\nRF_BLE\nRF51422_xxAC\ble_conn_params.c 0x00000000   Number         0  ble_conn_params.o ABSOLUTE
    RTE\nRF_Drivers\nRF51422_xxAC\app_uart_fifo.c 0x00000000   Number         0  app_uart_fifo.o ABSOLUTE
    RTE\nRF_Drivers\nRF51422_xxAC\pstorage.c 0x00000000   Number         0  pstorage.o ABSOLUTE
    RTE\nRF_Libraries\nRF51422_xxAC\app_button.c 0x00000000   Number         0  app_button.o ABSOLUTE
    RTE\nRF_Libraries\nRF51422_xxAC\app_error.c 0x00000000   Number         0  app_error.o ABSOLUTE
    RTE\nRF_Libraries\nRF51422_xxAC\app_fifo.c 0x00000000   Number         0  app_fifo.o ABSOLUTE
    RTE\nRF_Libraries\nRF51422_xxAC\app_scheduler.c 0x00000000   Number         0  app_scheduler.o ABSOLUTE
    RTE\nRF_Libraries\nRF51422_xxAC\app_timer.c 0x00000000   Number         0  app_timer.o ABSOLUTE
    RTE\nRF_Libraries\nRF51422_xxAC\app_trace.c 0x00000000   Number         0  app_trace.o ABSOLUTE
    RTE\nRF_Libraries\nRF51422_xxAC\nrf_assert.c 0x00000000   Number         0  nrf_assert.o ABSOLUTE
    RTE\nRF_Libraries\nRF51422_xxAC\retarget.c 0x00000000   Number         0  retarget.o ABSOLUTE
    RTE\nRF_SoftDevice\nRF51422_xxAC\softdevice_handler.c 0x00000000   Number         0  softdevice_handler.o ABSOLUTE
    dc.s                                     0x00000000   Number         0  dc.o ABSOLUTE
    handlers.s                               0x00000000   Number         0  handlers.o ABSOLUTE
    init.s                                   0x00000000   Number         0  init.o ABSOLUTE
    RESET                                    0x00018000   Section      192  arm_startup_nrf51.o(RESET)
    .ARM.Collect$$$$00000000                 0x000180c0   Section        0  entry.o(.ARM.Collect$$$$00000000)
    .ARM.Collect$$$$00000001                 0x000180c0   Section        4  entry2.o(.ARM.Collect$$$$00000001)
    .ARM.Collect$$$$00000004                 0x000180c4   Section        4  entry5.o(.ARM.Collect$$$$00000004)
    .ARM.Collect$$$$00000008                 0x000180c8   Section        0  entry7b.o(.ARM.Collect$$$$00000008)
    .ARM.Collect$$$$0000000A                 0x000180c8   Section        0  entry8b.o(.ARM.Collect$$$$0000000A)
    .ARM.Collect$$$$0000000B                 0x000180c8   Section        8  entry9a.o(.ARM.Collect$$$$0000000B)
    .ARM.Collect$$$$0000000D                 0x000180d0   Section        0  entry10a.o(.ARM.Collect$$$$0000000D)
    .ARM.Collect$$$$0000000F                 0x000180d0   Section        0  entry11a.o(.ARM.Collect$$$$0000000F)
    .ARM.Collect$$$$00002712                 0x000180d0   Section        4  entry2.o(.ARM.Collect$$$$00002712)
    __lit__00000000                          0x000180d0   Data           4  entry2.o(.ARM.Collect$$$$00002712)
    .emb_text                                0x000180d4   Section       30  twi_hw_master.o(.emb_text)
    .emb_text                                0x000180f4   Section       30  nrf_delay.o(.emb_text)
    .emb_text                                0x00018114   Section       30  app_timer.o(.emb_text)
    .text                                    0x00018134   Section       56  arm_startup_nrf51.o(.text)
    .text                                    0x0001816c   Section        0  uidiv.o(.text)
    .text                                    0x00018198   Section        0  memcpya.o(.text)
    .text                                    0x000181bc   Section        0  memseta.o(.text)
    .text                                    0x000181e0   Section       36  init.o(.text)
    i.GPIOTE_IRQHandler                      0x00018204   Section        0  nrf_drv_gpiote.o(i.GPIOTE_IRQHandler)
    i.RTC1_IRQHandler                        0x0001830c   Section        0  app_timer.o(i.RTC1_IRQHandler)
    i.SWI0_IRQHandler                        0x0001832c   Section        0  app_timer.o(i.SWI0_IRQHandler)
    i.SWI2_IRQHandler                        0x00018380   Section        0  softdevice_handler.o(i.SWI2_IRQHandler)
    i.SystemInit                             0x000183a4   Section        0  system_nrf51.o(i.SystemInit)
    i.UART0_IRQHandler                       0x000183f8   Section        0  app_uart_fifo.o(i.UART0_IRQHandler)
    i.__ARM_common_switch8                   0x00018478   Section        0  bsp.o(i.__ARM_common_switch8)
    i.__NVIC_ClearPendingIRQ                 0x00018494   Section        0  app_timer.o(i.__NVIC_ClearPendingIRQ)
    __NVIC_ClearPendingIRQ                   0x00018495   Thumb Code    18  app_timer.o(i.__NVIC_ClearPendingIRQ)
    i.__NVIC_EnableIRQ                       0x000184ac   Section        0  app_timer.o(i.__NVIC_EnableIRQ)
    __NVIC_EnableIRQ                         0x000184ad   Thumb Code    18  app_timer.o(i.__NVIC_EnableIRQ)
    i.__NVIC_SetPendingIRQ                   0x000184c4   Section        0  app_timer.o(i.__NVIC_SetPendingIRQ)
    __NVIC_SetPendingIRQ                     0x000184c5   Thumb Code    18  app_timer.o(i.__NVIC_SetPendingIRQ)
    i.__NVIC_SetPriority                     0x000184dc   Section        0  app_timer.o(i.__NVIC_SetPriority)
    __NVIC_SetPriority                       0x000184dd   Thumb Code    60  app_timer.o(i.__NVIC_SetPriority)
    i.__scatterload_copy                     0x00018520   Section       14  handlers.o(i.__scatterload_copy)
    i.__scatterload_null                     0x0001852e   Section        2  handlers.o(i.__scatterload_null)
    i.__scatterload_zeroinit                 0x00018530   Section       14  handlers.o(i.__scatterload_zeroinit)
    i.accel_gyro_timeout_handler             0x00018540   Section        0  sensor_notify.o(i.accel_gyro_timeout_handler)
    i.accel_gyro_timer_start                 0x00018578   Section        0  sensor_notify.o(i.accel_gyro_timer_start)
    i.action_tx_send                         0x00018590   Section        0  app_uart_fifo.o(i.action_tx_send)
    action_tx_send                           0x00018591   Thumb Code    56  app_uart_fifo.o(i.action_tx_send)
    i.action_tx_stop                         0x000185dc   Section        0  app_uart_fifo.o(i.action_tx_stop)
    i.action_uart_deactivate                 0x00018600   Section        0  app_uart_fifo.o(i.action_uart_deactivate)
    action_uart_deactivate                   0x00018601   Thumb Code    20  app_uart_fifo.o(i.action_uart_deactivate)
    i.adv_data_encode                        0x00018620   Section        0  ble_advdata.o(i.adv_data_encode)
    adv_data_encode                          0x00018621   Thumb Code   330  ble_advdata.o(i.adv_data_encode)
    i.advertising_buttons_configure          0x0001876a   Section        0  bsp_btn_ble.o(i.advertising_buttons_configure)
    advertising_buttons_configure            0x0001876b   Thumb Code    60  bsp_btn_ble.o(i.advertising_buttons_configure)
    i.advertising_init                       0x000187a8   Section        0  main.o(i.advertising_init)
    advertising_init                         0x000187a9   Thumb Code    94  main.o(i.advertising_init)
    i.app_error_handler                      0x00018810   Section        0  app_error.o(i.app_error_handler)
    i.app_fifo_get                           0x0001882c   Section        0  app_fifo.o(i.app_fifo_get)
    i.app_fifo_put                           0x0001884e   Section        0  app_fifo.o(i.app_fifo_put)
    i.app_sched_event_get                    0x00018870   Section        0  app_scheduler.o(i.app_sched_event_get)
    app_sched_event_get                      0x00018871   Thumb Code    62  app_scheduler.o(i.app_sched_event_get)
    i.app_sched_event_put                    0x000188b4   Section        0  app_scheduler.o(i.app_sched_event_put)
    i.app_sched_execute                      0x000189b4   Section        0  app_scheduler.o(i.app_sched_execute)
    i.app_sched_init                         0x000189d4   Section        0  app_scheduler.o(i.app_sched_init)
    i.app_timer_create                       0x00018a00   Section        0  app_timer.o(i.app_timer_create)
    i.app_timer_evt_get                      0x00018a4c   Section        0  main.o(i.app_timer_evt_get)
    app_timer_evt_get                        0x00018a4d   Thumb Code    26  main.o(i.app_timer_evt_get)
    i.app_timer_evt_schedule                 0x00018a68   Section        0  main.o(i.app_timer_evt_schedule)
    app_timer_evt_schedule                   0x00018a69   Thumb Code    18  main.o(i.app_timer_evt_schedule)
    i.app_timer_init                         0x00018a80   Section        0  app_timer.o(i.app_timer_init)
    i.app_timer_start                        0x00018b2c   Section        0  app_timer.o(i.app_timer_start)
    i.app_timer_stop                         0x00018bb0   Section        0  app_timer.o(i.app_timer_stop)
    i.app_timer_stop_all                     0x00018c08   Section        0  app_timer.o(i.app_timer_stop_all)
    i.app_uart_put                           0x00018c4c   Section        0  app_uart_fifo.o(i.app_uart_put)
    i.ble_advdata_set                        0x00018c68   Section        0  ble_advdata.o(i.ble_advdata_set)
    i.ble_advertising_init                   0x00018cc4   Section        0  ble_advertising.o(i.ble_advertising_init)
    i.ble_advertising_on_ble_evt             0x00018de8   Section        0  ble_advertising.o(i.ble_advertising_on_ble_evt)
    i.ble_advertising_peer_address_clear     0x00018e5c   Section        0  ble_advertising.o(i.ble_advertising_peer_address_clear)
    ble_advertising_peer_address_clear       0x00018e5d   Thumb Code    12  ble_advertising.o(i.ble_advertising_peer_address_clear)
    i.ble_advertising_start                  0x00018e6c   Section        0  ble_advertising.o(i.ble_advertising_start)
    i.ble_conn_params_init                   0x0001904c   Section        0  ble_conn_params.o(i.ble_conn_params_init)
    i.ble_conn_params_on_ble_evt             0x000190a0   Section        0  ble_conn_params.o(i.ble_conn_params_on_ble_evt)
    i.ble_evt_dispatch                       0x00019130   Section        0  main.o(i.ble_evt_dispatch)
    ble_evt_dispatch                         0x00019131   Thumb Code    36  main.o(i.ble_evt_dispatch)
    i.ble_nus_init                           0x00019158   Section        0  ble_nus.o(i.ble_nus_init)
    i.ble_nus_on_ble_evt                     0x00019204   Section        0  ble_nus.o(i.ble_nus_on_ble_evt)
    i.ble_nus_string_send                    0x00019230   Section        0  ble_nus.o(i.ble_nus_string_send)
    i.ble_srv_is_notification_enabled        0x000192b8   Section        0  ble_nus.o(i.ble_srv_is_notification_enabled)
    ble_srv_is_notification_enabled          0x000192b9   Thumb Code    14  ble_nus.o(i.ble_srv_is_notification_enabled)
    i.bmp180_timeout_handler                 0x000192c8   Section        0  sensor_notify.o(i.bmp180_timeout_handler)
    bmp180_timeout_handler                   0x000192c9   Thumb Code    56  sensor_notify.o(i.bmp180_timeout_handler)
    i.bsp_btn_ble_on_ble_evt                 0x00019308   Section        0  bsp_btn_ble.o(i.bsp_btn_ble_on_ble_evt)
    i.bsp_btn_ble_sleep_mode_prepare         0x00019380   Section        0  bsp_btn_ble.o(i.bsp_btn_ble_sleep_mode_prepare)
    i.bsp_button_event_handler               0x00019394   Section        0  bsp.o(i.bsp_button_event_handler)
    bsp_button_event_handler                 0x00019395   Thumb Code   144  bsp.o(i.bsp_button_event_handler)
    i.bsp_event_to_button_action_assign      0x00019430   Section        0  bsp.o(i.bsp_event_to_button_action_assign)
    i.bsp_indication_set                     0x00019478   Section        0  bsp.o(i.bsp_indication_set)
    i.bsp_led_indication                     0x00019494   Section        0  bsp.o(i.bsp_led_indication)
    bsp_led_indication                       0x00019495   Thumb Code   482  bsp.o(i.bsp_led_indication)
    i.bsp_wakeup_buttons_set                 0x00019684   Section        0  bsp.o(i.bsp_wakeup_buttons_set)
    i.channel_port_get                       0x000196c0   Section        0  nrf_drv_gpiote.o(i.channel_port_get)
    channel_port_get                         0x000196c1   Thumb Code    10  nrf_drv_gpiote.o(i.channel_port_get)
    i.char_add                               0x000196d0   Section        0  ble_nus.o(i.char_add)
    char_add                                 0x000196d1   Thumb Code   168  ble_nus.o(i.char_add)
    i.close_all_sensor_timer                 0x00019778   Section        0  sensor_notify.o(i.close_all_sensor_timer)
    i.compare_reg_update                     0x00019780   Section        0  app_timer.o(i.compare_reg_update)
    compare_reg_update                       0x00019781   Thumb Code   138  app_timer.o(i.compare_reg_update)
    i.conn_int_encode                        0x0001981c   Section        0  ble_advdata.o(i.conn_int_encode)
    conn_int_encode                          0x0001981d   Thumb Code   126  ble_advdata.o(i.conn_int_encode)
    i.conn_params_error_handler              0x000198a0   Section        0  main.o(i.conn_params_error_handler)
    conn_params_error_handler                0x000198a1   Thumb Code    12  main.o(i.conn_params_error_handler)
    i.conn_params_negotiation                0x000198ac   Section        0  ble_conn_params.o(i.conn_params_negotiation)
    conn_params_negotiation                  0x000198ad   Thumb Code    90  ble_conn_params.o(i.conn_params_negotiation)
    i.create_sensor_timer                    0x00019910   Section        0  sensor_notify.o(i.create_sensor_timer)
    i.elapsed_ticks_acquire                  0x0001993c   Section        0  app_timer.o(i.elapsed_ticks_acquire)
    elapsed_ticks_acquire                    0x0001993d   Thumb Code    58  app_timer.o(i.elapsed_ticks_acquire)
    i.expired_timers_handler                 0x0001997c   Section        0  app_timer.o(i.expired_timers_handler)
    expired_timers_handler                   0x0001997d   Thumb Code    82  app_timer.o(i.expired_timers_handler)
    i.get_mpu6050data                        0x000199d4   Section        0  mpu6050.o(i.get_mpu6050data)
    i.intern_softdevice_events_execute       0x000199f8   Section        0  softdevice_handler.o(i.intern_softdevice_events_execute)
    i.is_conn_params_ok                      0x00019a78   Section        0  ble_conn_params.o(i.is_conn_params_ok)
    is_conn_params_ok                        0x00019a79   Thumb Code    24  ble_conn_params.o(i.is_conn_params_ok)
    i.is_manual_peripheral_setup_needed      0x00019a94   Section        0  system_nrf51.o(i.is_manual_peripheral_setup_needed)
    is_manual_peripheral_setup_needed        0x00019a95   Thumb Code    66  system_nrf51.o(i.is_manual_peripheral_setup_needed)
    i.list_deletions_handler                 0x00019adc   Section        0  app_timer.o(i.list_deletions_handler)
    list_deletions_handler                   0x00019add   Thumb Code   144  app_timer.o(i.list_deletions_handler)
    i.list_insertions_handler                0x00019b70   Section        0  app_timer.o(i.list_insertions_handler)
    list_insertions_handler                  0x00019b71   Thumb Code   230  app_timer.o(i.list_insertions_handler)
    i.main                                   0x00019c60   Section        0  main.o(i.main)
    i.manuf_specific_data_encode             0x00019df0   Section        0  ble_advdata.o(i.manuf_specific_data_encode)
    manuf_specific_data_encode               0x00019df1   Thumb Code   100  ble_advdata.o(i.manuf_specific_data_encode)
    i.mpu6050_init                           0x00019e54   Section        0  mpu6050.o(i.mpu6050_init)
    i.mpu6050_register_read                  0x00019f30   Section        0  mpu6050.o(i.mpu6050_register_read)
    i.my_twi_read                            0x00019f64   Section        0  twi_hw_master.o(i.my_twi_read)
    i.my_twi_write                           0x00019f9c   Section        0  twi_hw_master.o(i.my_twi_write)
    i.name_encode                            0x00019fd0   Section        0  ble_advdata.o(i.name_encode)
    name_encode                              0x00019fd1   Thumb Code   106  ble_advdata.o(i.name_encode)
    i.nrf_delay_ms                           0x0001a03c   Section        0  nrf_delay.o(i.nrf_delay_ms)
    i.nrf_gpio_cfg_sense_set                 0x0001a058   Section        0  nrf_drv_gpiote.o(i.nrf_gpio_cfg_sense_set)
    nrf_gpio_cfg_sense_set                   0x0001a059   Thumb Code    26  nrf_drv_gpiote.o(i.nrf_gpio_cfg_sense_set)
    i.nrf_gpiote_event_is_set                0x0001a078   Section        0  nrf_drv_gpiote.o(i.nrf_gpiote_event_is_set)
    nrf_gpiote_event_is_set                  0x0001a079   Thumb Code    14  nrf_drv_gpiote.o(i.nrf_gpiote_event_is_set)
    i.nus_data_handler                       0x0001a08c   Section        0  main.o(i.nus_data_handler)
    nus_data_handler                         0x0001a08d   Thumb Code    38  main.o(i.nus_data_handler)
    i.on_adv_evt                             0x0001a0b2   Section        0  main.o(i.on_adv_evt)
    on_adv_evt                               0x0001a0b3   Thumb Code    36  main.o(i.on_adv_evt)
    i.on_ble_evt                             0x0001a0d8   Section        0  main.o(i.on_ble_evt)
    on_ble_evt                               0x0001a0d9   Thumb Code   118  main.o(i.on_ble_evt)
    i.on_conn_params_evt                     0x0001a154   Section        0  main.o(i.on_conn_params_evt)
    on_conn_params_evt                       0x0001a155   Thumb Code    30  main.o(i.on_conn_params_evt)
    i.on_uart_event                          0x0001a178   Section        0  app_uart_fifo.o(i.on_uart_event)
    on_uart_event                            0x0001a179   Thumb Code   118  app_uart_fifo.o(i.on_uart_event)
    i.on_write                               0x0001a200   Section        0  ble_nus.o(i.on_write)
    on_write                                 0x0001a201   Thumb Code   178  ble_nus.o(i.on_write)
    i.peer_address_exists                    0x0001a2b2   Section        0  ble_advertising.o(i.peer_address_exists)
    peer_address_exists                      0x0001a2b3   Thumb Code    22  ble_advertising.o(i.peer_address_exists)
    i.pstorage_access_status_get             0x0001a2c8   Section        0  pstorage.o(i.pstorage_access_status_get)
    i.rtc1_stop                              0x0001a2f0   Section        0  app_timer.o(i.rtc1_stop)
    rtc1_stop                                0x0001a2f1   Thumb Code    58  app_timer.o(i.rtc1_stop)
    i.sensor_timer_start                     0x0001a33c   Section        0  sensor_notify.o(i.sensor_timer_start)
    i.service_data_encode                    0x0001a348   Section        0  ble_advdata.o(i.service_data_encode)
    service_data_encode                      0x0001a349   Thumb Code   124  ble_advdata.o(i.service_data_encode)
    i.sleep_mode_enter                       0x0001a3c4   Section        0  main.o(i.sleep_mode_enter)
    sleep_mode_enter                         0x0001a3c5   Thumb Code    52  main.o(i.sleep_mode_enter)
    i.softdevice_assertion_handler           0x0001a3f8   Section        0  softdevice_handler.o(i.softdevice_assertion_handler)
    i.softdevice_ble_evt_handler_set         0x0001a404   Section        0  softdevice_handler.o(i.softdevice_ble_evt_handler_set)
    i.softdevice_handler_init                0x0001a418   Section        0  softdevice_handler.o(i.softdevice_handler_init)
    i.tempe_press_light_timeout_handler      0x0001a448   Section        0  sensor_notify.o(i.tempe_press_light_timeout_handler)
    i.tempe_press_light_timer_start          0x0001a46c   Section        0  sensor_notify.o(i.tempe_press_light_timer_start)
    i.timer_list_insert                      0x0001a484   Section        0  app_timer.o(i.timer_list_insert)
    timer_list_insert                        0x0001a485   Thumb Code    94  app_timer.o(i.timer_list_insert)
    i.timer_list_remove                      0x0001a4e8   Section        0  app_timer.o(i.timer_list_remove)
    timer_list_remove                        0x0001a4e9   Thumb Code   104  app_timer.o(i.timer_list_remove)
    i.timer_timeouts_check                   0x0001a558   Section        0  app_timer.o(i.timer_timeouts_check)
    timer_timeouts_check                     0x0001a559   Thumb Code   122  app_timer.o(i.timer_timeouts_check)
    i.twi_master_clear_bus                   0x0001a5dc   Section        0  twi_hw_master.o(i.twi_master_clear_bus)
    twi_master_clear_bus                     0x0001a5dd   Thumb Code   110  twi_hw_master.o(i.twi_master_clear_bus)
    i.twi_master_init                        0x0001a65c   Section        0  twi_hw_master.o(i.twi_master_init)
    i.twi_master_read                        0x0001a6ac   Section        0  twi_hw_master.o(i.twi_master_read)
    twi_master_read                          0x0001a6ad   Thumb Code   174  twi_hw_master.o(i.twi_master_read)
    i.twi_master_transfer                    0x0001a770   Section        0  twi_hw_master.o(i.twi_master_transfer)
    i.twi_master_write                       0x0001a7b0   Section        0  twi_hw_master.o(i.twi_master_write)
    twi_master_write                         0x0001a7b1   Thumb Code   138  twi_hw_master.o(i.twi_master_write)
    i.uint16_encode                          0x0001a850   Section        0  ble_advdata.o(i.uint16_encode)
    uint16_encode                            0x0001a851   Thumb Code    10  ble_advdata.o(i.uint16_encode)
    i.update_timeout_handler                 0x0001a85c   Section        0  ble_conn_params.o(i.update_timeout_handler)
    update_timeout_handler                   0x0001a85d   Thumb Code    86  ble_conn_params.o(i.update_timeout_handler)
    i.user_id_get                            0x0001a8c0   Section        0  app_timer.o(i.user_id_get)
    user_id_get                              0x0001a8c1   Thumb Code    74  app_timer.o(i.user_id_get)
    i.user_op_alloc                          0x0001a914   Section        0  app_timer.o(i.user_op_alloc)
    user_op_alloc                            0x0001a915   Thumb Code    36  app_timer.o(i.user_op_alloc)
    i.uuid_list_encode                       0x0001a938   Section        0  ble_advdata.o(i.uuid_list_encode)
    uuid_list_encode                         0x0001a939   Thumb Code    38  ble_advdata.o(i.uuid_list_encode)
    i.uuid_list_sized_encode                 0x0001a95e   Section        0  ble_advdata.o(i.uuid_list_sized_encode)
    uuid_list_sized_encode                   0x0001a95f   Thumb Code   162  ble_advdata.o(i.uuid_list_sized_encode)
    i.whitelist_has_entries                  0x0001aa00   Section        0  ble_advertising.o(i.whitelist_has_entries)
    whitelist_has_entries                    0x0001aa01   Thumb Code    16  ble_advertising.o(i.whitelist_has_entries)
    .constdata                               0x0001aa10   Section       16  ble_nus.o(.constdata)
    .constdata                               0x0001aa20   Section       48  bsp.o(.constdata)
    m_buttons_list                           0x0001aa20   Data          16  bsp.o(.constdata)
    app_buttons                              0x0001aa30   Data          32  bsp.o(.constdata)
    .data                                    0x20002000   Section        1  twi_hw_master.o(.data)
    temp_reg                                 0x20002000   Data           1  twi_hw_master.o(.data)
    .data                                    0x20002002   Section        8  main.o(.data)
    index                                    0x20002002   Data           1  main.o(.data)
    m_conn_handle                            0x20002004   Data           2  main.o(.data)
    m_adv_uuids                              0x20002006   Data           4  main.o(.data)
    .data                                    0x2000200a   Section       13  mpu6050.o(.data)
    m_device_address                         0x2000200a   Data           1  mpu6050.o(.data)
    .data                                    0x20002018   Section       16  sensor_notify.o(.data)
    tempe                                    0x20002018   Data           2  sensor_notify.o(.data)
    al_data                                  0x2000201a   Data           2  sensor_notify.o(.data)
    press                                    0x2000201c   Data           4  sensor_notify.o(.data)
    accel_gyro_timer                         0x20002020   Data           4  sensor_notify.o(.data)
    tempe_press_light_timer                  0x20002024   Data           4  sensor_notify.o(.data)
    .data                                    0x20002028   Section       32  bsp.o(.data)
    m_stable_state                           0x20002028   Data           1  bsp.o(.data)
    current_long_push_pin_no                 0x20002029   Data           1  bsp.o(.data)
    m_app_ticks_per_100ms                    0x2000202c   Data           4  bsp.o(.data)
    m_indication_type                        0x20002030   Data           4  bsp.o(.data)
    m_registered_callback                    0x20002034   Data           4  bsp.o(.data)
    release_event_at_push                    0x20002038   Data           4  bsp.o(.data)
    m_leds_timer_id                          0x2000203c   Data           4  bsp.o(.data)
    m_alert_timer_id                         0x20002040   Data           4  bsp.o(.data)
    m_button_timer_id                        0x20002044   Data           4  bsp.o(.data)
    .data                                    0x20002048   Section        8  bsp_btn_ble.o(.data)
    m_error_handler                          0x20002048   Data           4  bsp_btn_ble.o(.data)
    m_num_connections                        0x2000204c   Data           4  bsp_btn_ble.o(.data)
    .data                                    0x20002050   Section        4  system_nrf51.o(.data)
    __tagsym$$used                           0x20002050   Number         0  system_nrf51.o(.data)
    .data                                    0x20002054   Section       31  ble_advertising.o(.data)
    m_advertising_start_pending              0x20002054   Data           1  ble_advertising.o(.data)
    m_whitelist_temporarily_disabled         0x20002055   Data           1  ble_advertising.o(.data)
    m_whitelist_reply_expected               0x20002056   Data           1  ble_advertising.o(.data)
    m_peer_addr_reply_expected               0x20002057   Data           1  ble_advertising.o(.data)
    m_adv_evt                                0x20002058   Data           1  ble_advertising.o(.data)
    m_adv_mode_current                       0x20002059   Data           1  ble_advertising.o(.data)
    m_tx_power_level                         0x2000205a   Data           1  ble_advertising.o(.data)
    current_slave_link_conn_handle           0x2000205c   Data           2  ble_advertising.o(.data)
    m_evt_handler                            0x20002060   Data           4  ble_advertising.o(.data)
    m_error_handler                          0x20002064   Data           4  ble_advertising.o(.data)
    m_slave_conn_int                         0x20002068   Data           4  ble_advertising.o(.data)
    m_peer_address                           0x2000206c   Data           7  ble_advertising.o(.data)
    .data                                    0x20002074   Section       24  ble_conn_params.o(.data)
    m_change_param                           0x20002074   Data           1  ble_conn_params.o(.data)
    m_update_count                           0x20002075   Data           1  ble_conn_params.o(.data)
    m_conn_handle                            0x20002076   Data           2  ble_conn_params.o(.data)
    m_conn_params_timer_id                   0x20002078   Data           4  ble_conn_params.o(.data)
    m_preferred_conn_params                  0x2000207c   Data           8  ble_conn_params.o(.data)
    m_current_conn_params                    0x20002084   Data           8  ble_conn_params.o(.data)
    .data                                    0x2000208c   Section        8  app_uart_fifo.o(.data)
    m_instance_counter                       0x2000208c   Data           1  app_uart_fifo.o(.data)
    m_current_state                          0x2000208d   Data           1  app_uart_fifo.o(.data)
    m_event_handler                          0x20002090   Data           4  app_uart_fifo.o(.data)
    .data                                    0x20002094   Section       36  pstorage.o(.data)
    m_state                                  0x20002094   Data           1  pstorage.o(.data)
    m_swap_sub_state                         0x20002095   Data           1  pstorage.o(.data)
    m_next_app_instance                      0x20002096   Data           2  pstorage.o(.data)
    m_flags                                  0x20002098   Data           4  pstorage.o(.data)
    m_next_page_addr                         0x2000209c   Data           4  pstorage.o(.data)
    m_head_word_size                         0x200020a0   Data           4  pstorage.o(.data)
    m_tail_word_size                         0x200020a4   Data           4  pstorage.o(.data)
    m_current_page_id                        0x200020a8   Data           4  pstorage.o(.data)
    m_num_of_command_retries                 0x200020ac   Data           4  pstorage.o(.data)
    m_num_of_bytes_written                   0x200020b0   Data           4  pstorage.o(.data)
    m_app_data_size                          0x200020b4   Data           4  pstorage.o(.data)
    .data                                    0x200020b8   Section       16  app_scheduler.o(.data)
    m_queue_start_index                      0x200020b8   Data           1  app_scheduler.o(.data)
    m_queue_end_index                        0x200020b9   Data           1  app_scheduler.o(.data)
    m_queue_event_size                       0x200020ba   Data           2  app_scheduler.o(.data)
    m_queue_size                             0x200020bc   Data           2  app_scheduler.o(.data)
    m_queue_event_headers                    0x200020c0   Data           4  app_scheduler.o(.data)
    m_queue_event_data                       0x200020c4   Data           4  app_scheduler.o(.data)
    .data                                    0x200020c8   Section       36  app_timer.o(.data)
    m_node_array_size                        0x200020c8   Data           1  app_timer.o(.data)
    m_user_array_size                        0x200020c9   Data           1  app_timer.o(.data)
    m_ticks_elapsed_q_read_ind               0x200020ca   Data           1  app_timer.o(.data)
    m_ticks_elapsed_q_write_ind              0x200020cb   Data           1  app_timer.o(.data)
    m_rtc1_running                           0x200020cc   Data           1  app_timer.o(.data)
    m_rtc1_reset                             0x200020cd   Data           1  app_timer.o(.data)
    mp_nodes                                 0x200020d0   Data           4  app_timer.o(.data)
    mp_users                                 0x200020d4   Data           4  app_timer.o(.data)
    m_timer_id_head                          0x200020d8   Data           4  app_timer.o(.data)
    m_ticks_latest                           0x200020dc   Data           4  app_timer.o(.data)
    m_evt_schedule_func                      0x200020e0   Data           4  app_timer.o(.data)
    m_ticks_elapsed                          0x200020e4   Data           8  app_timer.o(.data)
    .data                                    0x200020ec   Section       20  softdevice_handler.o(.data)
    m_softdevice_enabled                     0x200020ec   Data           1  softdevice_handler.o(.data)
    m_ble_evt_buffer_size                    0x200020ee   Data           2  softdevice_handler.o(.data)
    m_evt_schedule_func                      0x200020f0   Data           4  softdevice_handler.o(.data)
    mp_ble_evt_buffer                        0x200020f4   Data           4  softdevice_handler.o(.data)
    m_ble_evt_handler                        0x200020f8   Data           4  softdevice_handler.o(.data)
    m_sys_evt_handler                        0x200020fc   Data           4  softdevice_handler.o(.data)
    .bss                                     0x20002100   Section       50  twi_hw_master.o(.bss)
    temp_buf                                 0x20002100   Data          50  twi_hw_master.o(.bss)
    .bss                                     0x20002134   Section     1260  main.o(.bss)
    BLE_EVT_BUFFER                           0x20002134   Data          72  main.o(.bss)
    data_array                               0x2000217c   Data          20  main.o(.bss)
    APP_SCHED_BUF                            0x20002190   Data         256  main.o(.bss)
    APP_TIMER_BUF                            0x20002290   Data         856  main.o(.bss)
    .bss                                     0x20002620   Section       12  bsp.o(.bss)
    m_events_list                            0x20002620   Data          12  bsp.o(.bss)
    .bss                                     0x2000262c   Section      251  ble_advertising.o(.bss)
    m_advdata                                0x2000262c   Data          48  ble_advertising.o(.bss)
    m_adv_modes_config                       0x2000265c   Data          36  ble_advertising.o(.bss)
    m_whitelist                              0x20002680   Data          16  ble_advertising.o(.bss)
    mp_whitelist_addr                        0x20002690   Data          32  ble_advertising.o(.bss)
    mp_whitelist_irk                         0x200026b0   Data          32  ble_advertising.o(.bss)
    m_manuf_specific_data                    0x200026d0   Data          12  ble_advertising.o(.bss)
    m_manuf_data_array                       0x200026dc   Data          31  ble_advertising.o(.bss)
    m_service_data                           0x200026fc   Data          12  ble_advertising.o(.bss)
    m_service_data_array                     0x20002708   Data          31  ble_advertising.o(.bss)
    .bss                                     0x20002728   Section       28  ble_conn_params.o(.bss)
    m_conn_params_config                     0x20002728   Data          28  ble_conn_params.o(.bss)
    .bss                                     0x20002744   Section       32  app_uart_fifo.o(.bss)
    m_rx_fifo                                0x20002744   Data          16  app_uart_fifo.o(.bss)
    m_tx_fifo                                0x20002754   Data          16  app_uart_fifo.o(.bss)
    .bss                                     0x20002764   Section      216  pstorage.o(.bss)
    m_cmd_queue                              0x20002764   Data         204  pstorage.o(.bss)
    m_app_table                              0x20002830   Data          12  pstorage.o(.bss)
    .bss                                     0x2000283c   Section       80  nrf_drv_gpiote.o(.bss)
    m_cb                                     0x2000283c   Data          80  nrf_drv_gpiote.o(.bss)
    STACK                                    0x20002890   Section     2048  arm_startup_nrf51.o(STACK)

    Global Symbols

    Symbol Name                              Value     Ov Type        Size  Object(Section)

    BuildAttributes$$THM_ISAv3M$S$PE$A:L22$X:L11$S22$IEEE1$IW$USESV6$~STKCKD$USESV7$~SHL$OSPACE$EBA8$MICROLIB$REQ8$PRES8$EABIv2 0x00000000   Number         0  anon$$obj.o ABSOLUTE
    __ARM_use_no_argv                        0x00000000   Number         0  main.o ABSOLUTE
    __cpp_initialize__aeabi_                  - Undefined Weak Reference
    __cxa_finalize                            - Undefined Weak Reference
    __decompress                              - Undefined Weak Reference
    _clock_init                               - Undefined Weak Reference
    _microlib_exit                            - Undefined Weak Reference
    __Vectors_Size                           0x000000c0   Number         0  arm_startup_nrf51.o ABSOLUTE
    __Vectors                                0x00018000   Data           4  arm_startup_nrf51.o(RESET)
    __Vectors_End                            0x000180c0   Data           0  arm_startup_nrf51.o(RESET)
    __main                                   0x000180c1   Thumb Code     0  entry.o(.ARM.Collect$$$$00000000)
    _main_stk                                0x000180c1   Thumb Code     0  entry2.o(.ARM.Collect$$$$00000001)
    _main_scatterload                        0x000180c5   Thumb Code     0  entry5.o(.ARM.Collect$$$$00000004)
    __main_after_scatterload                 0x000180c9   Thumb Code     0  entry5.o(.ARM.Collect$$$$00000004)
    _main_clock                              0x000180c9   Thumb Code     0  entry7b.o(.ARM.Collect$$$$00000008)
    _main_cpp_init                           0x000180c9   Thumb Code     0  entry8b.o(.ARM.Collect$$$$0000000A)
    _main_init                               0x000180c9   Thumb Code     0  entry9a.o(.ARM.Collect$$$$0000000B)
    __rt_final_cpp                           0x000180d1   Thumb Code     0  entry10a.o(.ARM.Collect$$$$0000000D)
    __rt_final_exit                          0x000180d1   Thumb Code     0  entry11a.o(.ARM.Collect$$$$0000000F)
    __asm___15_twi_hw_master_c_959ec897__nrf_delay_us 0x000180d5   Thumb Code    30  twi_hw_master.o(.emb_text)
    __asm___11_nrf_delay_c_532987f3__nrf_delay_us 0x000180f5   Thumb Code    30  nrf_delay.o(.emb_text)
    __asm___11_app_timer_c_cd27f9c3__nrf_delay_us 0x00018115   Thumb Code    30  app_timer.o(.emb_text)
    Reset_Handler                            0x00018135   Thumb Code    26  arm_startup_nrf51.o(.text)
    NMI_Handler                              0x0001814f   Thumb Code     2  arm_startup_nrf51.o(.text)
    HardFault_Handler                        0x00018151   Thumb Code     2  arm_startup_nrf51.o(.text)
    SVC_Handler                              0x00018153   Thumb Code     2  arm_startup_nrf51.o(.text)
    PendSV_Handler                           0x00018155   Thumb Code     2  arm_startup_nrf51.o(.text)
    SysTick_Handler                          0x00018157   Thumb Code     2  arm_startup_nrf51.o(.text)
    ADC_IRQHandler                           0x00018159   Thumb Code     0  arm_startup_nrf51.o(.text)
    CCM_AAR_IRQHandler                       0x00018159   Thumb Code     0  arm_startup_nrf51.o(.text)
    ECB_IRQHandler                           0x00018159   Thumb Code     0  arm_startup_nrf51.o(.text)
    LPCOMP_IRQHandler                        0x00018159   Thumb Code     0  arm_startup_nrf51.o(.text)
    POWER_CLOCK_IRQHandler                   0x00018159   Thumb Code     0  arm_startup_nrf51.o(.text)
    QDEC_IRQHandler                          0x00018159   Thumb Code     0  arm_startup_nrf51.o(.text)
    RADIO_IRQHandler                         0x00018159   Thumb Code     0  arm_startup_nrf51.o(.text)
    RNG_IRQHandler                           0x00018159   Thumb Code     0  arm_startup_nrf51.o(.text)
    RTC0_IRQHandler                          0x00018159   Thumb Code     0  arm_startup_nrf51.o(.text)
    SPI0_TWI0_IRQHandler                     0x00018159   Thumb Code     0  arm_startup_nrf51.o(.text)
    SPI1_TWI1_IRQHandler                     0x00018159   Thumb Code     0  arm_startup_nrf51.o(.text)
    SWI1_IRQHandler                          0x00018159   Thumb Code     0  arm_startup_nrf51.o(.text)
    SWI3_IRQHandler                          0x00018159   Thumb Code     0  arm_startup_nrf51.o(.text)
    SWI4_IRQHandler                          0x00018159   Thumb Code     0  arm_startup_nrf51.o(.text)
    SWI5_IRQHandler                          0x00018159   Thumb Code     0  arm_startup_nrf51.o(.text)
    TEMP_IRQHandler                          0x00018159   Thumb Code     0  arm_startup_nrf51.o(.text)
    TIMER0_IRQHandler                        0x00018159   Thumb Code     0  arm_startup_nrf51.o(.text)
    TIMER1_IRQHandler                        0x00018159   Thumb Code     0  arm_startup_nrf51.o(.text)
    TIMER2_IRQHandler                        0x00018159   Thumb Code     0  arm_startup_nrf51.o(.text)
    WDT_IRQHandler                           0x00018159   Thumb Code     0  arm_startup_nrf51.o(.text)
    __aeabi_uidiv                            0x0001816d   Thumb Code     0  uidiv.o(.text)
    __aeabi_uidivmod                         0x0001816d   Thumb Code    44  uidiv.o(.text)
    __aeabi_memcpy                           0x00018199   Thumb Code    36  memcpya.o(.text)
    __aeabi_memcpy4                          0x00018199   Thumb Code     0  memcpya.o(.text)
    __aeabi_memcpy8                          0x00018199   Thumb Code     0  memcpya.o(.text)
    __aeabi_memset                           0x000181bd   Thumb Code    14  memseta.o(.text)
    __aeabi_memset4                          0x000181bd   Thumb Code     0  memseta.o(.text)
    __aeabi_memset8                          0x000181bd   Thumb Code     0  memseta.o(.text)
    __aeabi_memclr                           0x000181cb   Thumb Code     4  memseta.o(.text)
    __aeabi_memclr4                          0x000181cb   Thumb Code     0  memseta.o(.text)
    __aeabi_memclr8                          0x000181cb   Thumb Code     0  memseta.o(.text)
    _memset$wrapper                          0x000181cf   Thumb Code    18  memseta.o(.text)
    __scatterload                            0x000181e1   Thumb Code    28  init.o(.text)
    __scatterload_rt2                        0x000181e1   Thumb Code     0  init.o(.text)
    GPIOTE_IRQHandler                        0x00018205   Thumb Code   234  nrf_drv_gpiote.o(i.GPIOTE_IRQHandler)
    RTC1_IRQHandler                          0x0001830d   Thumb Code    28  app_timer.o(i.RTC1_IRQHandler)
    SWI0_IRQHandler                          0x0001832d   Thumb Code    78  app_timer.o(i.SWI0_IRQHandler)
    SWI2_IRQHandler                          0x00018381   Thumb Code    32  softdevice_handler.o(i.SWI2_IRQHandler)
    SystemInit                               0x000183a5   Thumb Code    64  system_nrf51.o(i.SystemInit)
    UART0_IRQHandler                         0x000183f9   Thumb Code   110  app_uart_fifo.o(i.UART0_IRQHandler)
    __ARM_common_switch8                     0x00018479   Thumb Code    26  bsp.o(i.__ARM_common_switch8)
    __scatterload_copy                       0x00018521   Thumb Code    14  handlers.o(i.__scatterload_copy)
    __scatterload_null                       0x0001852f   Thumb Code     2  handlers.o(i.__scatterload_null)
    __scatterload_zeroinit                   0x00018531   Thumb Code    14  handlers.o(i.__scatterload_zeroinit)
    accel_gyro_timeout_handler               0x00018541   Thumb Code    40  sensor_notify.o(i.accel_gyro_timeout_handler)
    accel_gyro_timer_start                   0x00018579   Thumb Code    16  sensor_notify.o(i.accel_gyro_timer_start)
    action_tx_stop                           0x000185dd   Thumb Code    26  app_uart_fifo.o(i.action_tx_stop)
    app_error_handler                        0x00018811   Thumb Code    18  app_error.o(i.app_error_handler)
    app_fifo_get                             0x0001882d   Thumb Code    34  app_fifo.o(i.app_fifo_get)
    app_fifo_put                             0x0001884f   Thumb Code    34  app_fifo.o(i.app_fifo_put)
    app_sched_event_put                      0x000188b5   Thumb Code   240  app_scheduler.o(i.app_sched_event_put)
    app_sched_execute                        0x000189b5   Thumb Code    30  app_scheduler.o(i.app_sched_execute)
    app_sched_init                           0x000189d5   Thumb Code    40  app_scheduler.o(i.app_sched_init)
    app_timer_create                         0x00018a01   Thumb Code    72  app_timer.o(i.app_timer_create)
    app_timer_init                           0x00018a81   Thumb Code   164  app_timer.o(i.app_timer_init)
    app_timer_start                          0x00018b2d   Thumb Code   124  app_timer.o(i.app_timer_start)
    app_timer_stop                           0x00018bb1   Thumb Code    84  app_timer.o(i.app_timer_stop)
    app_timer_stop_all                       0x00018c09   Thumb Code    64  app_timer.o(i.app_timer_stop_all)
    app_uart_put                             0x00018c4d   Thumb Code    22  app_uart_fifo.o(i.app_uart_put)
    ble_advdata_set                          0x00018c69   Thumb Code    90  ble_advdata.o(i.ble_advdata_set)
    ble_advertising_init                     0x00018cc5   Thumb Code   284  ble_advertising.o(i.ble_advertising_init)
    ble_advertising_on_ble_evt               0x00018de9   Thumb Code   112  ble_advertising.o(i.ble_advertising_on_ble_evt)
    ble_advertising_start                    0x00018e6d   Thumb Code   470  ble_advertising.o(i.ble_advertising_start)
    ble_conn_params_init                     0x0001904d   Thumb Code    72  ble_conn_params.o(i.ble_conn_params_init)
    ble_conn_params_on_ble_evt               0x000190a1   Thumb Code   134  ble_conn_params.o(i.ble_conn_params_on_ble_evt)
    ble_nus_init                             0x00019159   Thumb Code   166  ble_nus.o(i.ble_nus_init)
    ble_nus_on_ble_evt                       0x00019205   Thumb Code    42  ble_nus.o(i.ble_nus_on_ble_evt)
    ble_nus_string_send                      0x00019231   Thumb Code   130  ble_nus.o(i.ble_nus_string_send)
    bsp_btn_ble_on_ble_evt                   0x00019309   Thumb Code   114  bsp_btn_ble.o(i.bsp_btn_ble_on_ble_evt)
    bsp_btn_ble_sleep_mode_prepare           0x00019381   Thumb Code    20  bsp_btn_ble.o(i.bsp_btn_ble_sleep_mode_prepare)
    bsp_event_to_button_action_assign        0x00019431   Thumb Code    66  bsp.o(i.bsp_event_to_button_action_assign)
    bsp_indication_set                       0x00019479   Thumb Code    22  bsp.o(i.bsp_indication_set)
    bsp_wakeup_buttons_set                   0x00019685   Thumb Code    50  bsp.o(i.bsp_wakeup_buttons_set)
    close_all_sensor_timer                   0x00019779   Thumb Code     8  sensor_notify.o(i.close_all_sensor_timer)
    create_sensor_timer                      0x00019911   Thumb Code    30  sensor_notify.o(i.create_sensor_timer)
    get_mpu6050data                          0x000199d5   Thumb Code    30  mpu6050.o(i.get_mpu6050data)
    intern_softdevice_events_execute         0x000199f9   Thumb Code   124  softdevice_handler.o(i.intern_softdevice_events_execute)
    main                                     0x00019c61   Thumb Code   350  main.o(i.main)
    mpu6050_init                             0x00019e55   Thumb Code   200  mpu6050.o(i.mpu6050_init)
    mpu6050_register_read                    0x00019f31   Thumb Code    46  mpu6050.o(i.mpu6050_register_read)
    my_twi_read                              0x00019f65   Thumb Code    50  twi_hw_master.o(i.my_twi_read)
    my_twi_write                             0x00019f9d   Thumb Code    48  twi_hw_master.o(i.my_twi_write)
    nrf_delay_ms                             0x0001a03d   Thumb Code    24  nrf_delay.o(i.nrf_delay_ms)
    pstorage_access_status_get               0x0001a2c9   Thumb Code    30  pstorage.o(i.pstorage_access_status_get)
    sensor_timer_start                       0x0001a33d   Thumb Code    12  sensor_notify.o(i.sensor_timer_start)
    softdevice_assertion_handler             0x0001a3f9   Thumb Code    12  softdevice_handler.o(i.softdevice_assertion_handler)
    softdevice_ble_evt_handler_set           0x0001a405   Thumb Code    16  softdevice_handler.o(i.softdevice_ble_evt_handler_set)
    softdevice_handler_init                  0x0001a419   Thumb Code    40  softdevice_handler.o(i.softdevice_handler_init)
    tempe_press_light_timeout_handler        0x0001a449   Thumb Code    28  sensor_notify.o(i.tempe_press_light_timeout_handler)
    tempe_press_light_timer_start            0x0001a46d   Thumb Code    18  sensor_notify.o(i.tempe_press_light_timer_start)
    twi_master_init                          0x0001a65d   Thumb Code    58  twi_hw_master.o(i.twi_master_init)
    twi_master_transfer                      0x0001a771   Thumb Code    58  twi_hw_master.o(i.twi_master_transfer)
    Region$$Table$$Base                      0x0001aa50   Number         0  anon$$obj.o(Region$$Table)
    Region$$Table$$Limit                     0x0001aa70   Number         0  anon$$obj.o(Region$$Table)
    accel                                    0x2000200b   Data           6  mpu6050.o(.data)
    gyro                                     0x20002011   Data           6  mpu6050.o(.data)
    SystemCoreClock                          0x20002050   Data           4  system_nrf51.o(.data)
    m_nus                                    0x200025e8   Data          56  main.o(.bss)
    __initial_sp                             0x20003090   Data           0  arm_startup_nrf51.o(STACK)



==============================================================================

Memory Map of the image

  Image Entry point : 0x000180c1

  Load Region LR_IROM1 (Base: 0x00018000, Size: 0x00002b70, Max: 0x00028000, ABSOLUTE)

    Execution Region ER_IROM1 (Base: 0x00018000, Size: 0x00002a70, Max: 0x00028000, ABSOLUTE)

    Base Addr    Size         Type   Attr      Idx    E Section Name        Object

    0x00018000   0x000000c0   Data   RO          689    RESET               arm_startup_nrf51.o
    0x000180c0   0x00000000   Code   RO         1997  * .ARM.Collect$$$$00000000  mc_p.l(entry.o)
    0x000180c0   0x00000004   Code   RO         2012    .ARM.Collect$$$$00000001  mc_p.l(entry2.o)
    0x000180c4   0x00000004   Code   RO         2015    .ARM.Collect$$$$00000004  mc_p.l(entry5.o)
    0x000180c8   0x00000000   Code   RO         2017    .ARM.Collect$$$$00000008  mc_p.l(entry7b.o)
    0x000180c8   0x00000000   Code   RO         2019    .ARM.Collect$$$$0000000A  mc_p.l(entry8b.o)
    0x000180c8   0x00000008   Code   RO         2020    .ARM.Collect$$$$0000000B  mc_p.l(entry9a.o)
    0x000180d0   0x00000000   Code   RO         2022    .ARM.Collect$$$$0000000D  mc_p.l(entry10a.o)
    0x000180d0   0x00000000   Code   RO         2024    .ARM.Collect$$$$0000000F  mc_p.l(entry11a.o)
    0x000180d0   0x00000004   Code   RO         2013    .ARM.Collect$$$$00002712  mc_p.l(entry2.o)
    0x000180d4   0x0000001e   Code   RO            3    .emb_text           twi_hw_master.o
    0x000180f2   0x00000002   PAD
    0x000180f4   0x0000001e   Code   RO         1533    .emb_text           nrf_delay.o
    0x00018112   0x00000002   PAD
    0x00018114   0x0000001e   Code   RO         1730    .emb_text           app_timer.o
    0x00018132   0x00000002   PAD
    0x00018134   0x00000038   Code   RO          690    .text               arm_startup_nrf51.o
    0x0001816c   0x0000002c   Code   RO         2000    .text               mc_p.l(uidiv.o)
    0x00018198   0x00000024   Code   RO         2004    .text               mc_p.l(memcpya.o)
    0x000181bc   0x00000024   Code   RO         2006    .text               mc_p.l(memseta.o)
    0x000181e0   0x00000024   Code   RO         2026    .text               mc_p.l(init.o)
    0x00018204   0x00000108   Code   RO         1353    i.GPIOTE_IRQHandler  nrf_drv_gpiote.o
    0x0001830c   0x00000020   Code   RO         1731    i.RTC1_IRQHandler   app_timer.o
    0x0001832c   0x00000054   Code   RO         1732    i.SWI0_IRQHandler   app_timer.o
    0x00018380   0x00000024   Code   RO         1941    i.SWI2_IRQHandler   softdevice_handler.o
    0x000183a4   0x00000054   Code   RO          697    i.SystemInit        system_nrf51.o
    0x000183f8   0x00000080   Code   RO          967    i.UART0_IRQHandler  app_uart_fifo.o
    0x00018478   0x0000001a   Code   RO          632    i.__ARM_common_switch8  bsp.o
    0x00018492   0x00000002   PAD
    0x00018494   0x00000018   Code   RO         1733    i.__NVIC_ClearPendingIRQ  app_timer.o
    0x000184ac   0x00000018   Code   RO         1734    i.__NVIC_EnableIRQ  app_timer.o
    0x000184c4   0x00000018   Code   RO         1735    i.__NVIC_SetPendingIRQ  app_timer.o
    0x000184dc   0x00000044   Code   RO         1736    i.__NVIC_SetPriority  app_timer.o
    0x00018520   0x0000000e   Code   RO         2030    i.__scatterload_copy  mc_p.l(handlers.o)
    0x0001852e   0x00000002   Code   RO         2031    i.__scatterload_null  mc_p.l(handlers.o)
    0x00018530   0x0000000e   Code   RO         2032    i.__scatterload_zeroinit  mc_p.l(handlers.o)
    0x0001853e   0x00000002   PAD
    0x00018540   0x00000038   Code   RO          467    i.accel_gyro_timeout_handler  sensor_notify.o
    0x00018578   0x00000018   Code   RO          468    i.accel_gyro_timer_start  sensor_notify.o
    0x00018590   0x0000004c   Code   RO          968    i.action_tx_send    app_uart_fifo.o
    0x000185dc   0x00000024   Code   RO          969    i.action_tx_stop    app_uart_fifo.o
    0x00018600   0x00000020   Code   RO          970    i.action_uart_deactivate  app_uart_fifo.o
    0x00018620   0x0000014a   Code   RO          731    i.adv_data_encode   ble_advdata.o
    0x0001876a   0x0000003c   Code   RO          650    i.advertising_buttons_configure  bsp_btn_ble.o
    0x000187a6   0x00000002   PAD
    0x000187a8   0x00000068   Code   RO          224    i.advertising_init  main.o
    0x00018810   0x0000001c   Code   RO         1629    i.app_error_handler  app_error.o
    0x0001882c   0x00000022   Code   RO         1651    i.app_fifo_get      app_fifo.o
    0x0001884e   0x00000022   Code   RO         1653    i.app_fifo_put      app_fifo.o
    0x00018870   0x00000044   Code   RO         1685    i.app_sched_event_get  app_scheduler.o
    0x000188b4   0x00000100   Code   RO         1686    i.app_sched_event_put  app_scheduler.o
    0x000189b4   0x0000001e   Code   RO         1687    i.app_sched_execute  app_scheduler.o
    0x000189d2   0x00000002   PAD
    0x000189d4   0x0000002c   Code   RO         1688    i.app_sched_init    app_scheduler.o
    0x00018a00   0x0000004c   Code   RO         1739    i.app_timer_create  app_timer.o
    0x00018a4c   0x0000001a   Code   RO          225    i.app_timer_evt_get  main.o
    0x00018a66   0x00000002   PAD
    0x00018a68   0x00000018   Code   RO          226    i.app_timer_evt_schedule  main.o
    0x00018a80   0x000000ac   Code   RO         1740    i.app_timer_init    app_timer.o
    0x00018b2c   0x00000084   Code   RO         1741    i.app_timer_start   app_timer.o
    0x00018bb0   0x00000058   Code   RO         1742    i.app_timer_stop    app_timer.o
    0x00018c08   0x00000044   Code   RO         1743    i.app_timer_stop_all  app_timer.o
    0x00018c4c   0x0000001c   Code   RO          976    i.app_uart_put      app_uart_fifo.o
    0x00018c68   0x0000005a   Code   RO          732    i.ble_advdata_set   ble_advdata.o
    0x00018cc2   0x00000002   PAD
    0x00018cc4   0x00000124   Code   RO          791    i.ble_advertising_init  ble_advertising.o
    0x00018de8   0x00000074   Code   RO          792    i.ble_advertising_on_ble_evt  ble_advertising.o
    0x00018e5c   0x00000010   Code   RO          795    i.ble_advertising_peer_address_clear  ble_advertising.o
    0x00018e6c   0x000001e0   Code   RO          797    i.ble_advertising_start  ble_advertising.o
    0x0001904c   0x00000054   Code   RO          879    i.ble_conn_params_init  ble_conn_params.o
    0x000190a0   0x00000090   Code   RO          880    i.ble_conn_params_on_ble_evt  ble_conn_params.o
    0x00019130   0x00000028   Code   RO          228    i.ble_evt_dispatch  main.o
    0x00019158   0x000000ac   Code   RO          130    i.ble_nus_init      ble_nus.o
    0x00019204   0x0000002a   Code   RO          131    i.ble_nus_on_ble_evt  ble_nus.o
    0x0001922e   0x00000002   PAD
    0x00019230   0x00000088   Code   RO          132    i.ble_nus_string_send  ble_nus.o
    0x000192b8   0x0000000e   Code   RO          133    i.ble_srv_is_notification_enabled  ble_nus.o
    0x000192c6   0x00000002   PAD
    0x000192c8   0x00000040   Code   RO          469    i.bmp180_timeout_handler  sensor_notify.o
    0x00019308   0x00000078   Code   RO          652    i.bsp_btn_ble_on_ble_evt  bsp_btn_ble.o
    0x00019380   0x00000014   Code   RO          653    i.bsp_btn_ble_sleep_mode_prepare  bsp_btn_ble.o
    0x00019394   0x0000009c   Code   RO          542    i.bsp_button_event_handler  bsp.o
    0x00019430   0x00000048   Code   RO          547    i.bsp_event_to_button_action_assign  bsp.o
    0x00019478   0x0000001c   Code   RO          548    i.bsp_indication_set  bsp.o
    0x00019494   0x000001f0   Code   RO          551    i.bsp_led_indication  bsp.o
    0x00019684   0x0000003c   Code   RO          552    i.bsp_wakeup_buttons_set  bsp.o
    0x000196c0   0x00000010   Code   RO         1356    i.channel_port_get  nrf_drv_gpiote.o
    0x000196d0   0x000000a8   Code   RO          134    i.char_add          ble_nus.o
    0x00019778   0x00000008   Code   RO          470    i.close_all_sensor_timer  sensor_notify.o
    0x00019780   0x0000009c   Code   RO         1744    i.compare_reg_update  app_timer.o
    0x0001981c   0x00000084   Code   RO          733    i.conn_int_encode   ble_advdata.o
    0x000198a0   0x0000000c   Code   RO          230    i.conn_params_error_handler  main.o
    0x000198ac   0x00000064   Code   RO          882    i.conn_params_negotiation  ble_conn_params.o
    0x00019910   0x0000002c   Code   RO          471    i.create_sensor_timer  sensor_notify.o
    0x0001993c   0x00000040   Code   RO         1745    i.elapsed_ticks_acquire  app_timer.o
    0x0001997c   0x00000058   Code   RO         1746    i.expired_timers_handler  app_timer.o
    0x000199d4   0x00000024   Code   RO          414    i.get_mpu6050data   mpu6050.o
    0x000199f8   0x00000080   Code   RO         1942    i.intern_softdevice_events_execute  softdevice_handler.o
    0x00019a78   0x0000001c   Code   RO          883    i.is_conn_params_ok  ble_conn_params.o
    0x00019a94   0x00000048   Code   RO          698    i.is_manual_peripheral_setup_needed  system_nrf51.o
    0x00019adc   0x00000094   Code   RO         1747    i.list_deletions_handler  app_timer.o
    0x00019b70   0x000000f0   Code   RO         1748    i.list_insertions_handler  app_timer.o
    0x00019c60   0x00000190   Code   RO          231    i.main              main.o
    0x00019df0   0x00000064   Code   RO          734    i.manuf_specific_data_encode  ble_advdata.o
    0x00019e54   0x000000dc   Code   RO          415    i.mpu6050_init      mpu6050.o
    0x00019f30   0x00000034   Code   RO          416    i.mpu6050_register_read  mpu6050.o
    0x00019f64   0x00000038   Code   RO            7    i.my_twi_read       twi_hw_master.o
    0x00019f9c   0x00000034   Code   RO            8    i.my_twi_write      twi_hw_master.o
    0x00019fd0   0x0000006a   Code   RO          735    i.name_encode       ble_advdata.o
    0x0001a03a   0x00000002   PAD
    0x0001a03c   0x0000001c   Code   RO         1534    i.nrf_delay_ms      nrf_delay.o
    0x0001a058   0x00000020   Code   RO         1376    i.nrf_gpio_cfg_sense_set  nrf_drv_gpiote.o
    0x0001a078   0x00000014   Code   RO         1377    i.nrf_gpiote_event_is_set  nrf_drv_gpiote.o
    0x0001a08c   0x00000026   Code   RO          232    i.nus_data_handler  main.o
    0x0001a0b2   0x00000024   Code   RO          233    i.on_adv_evt        main.o
    0x0001a0d6   0x00000002   PAD
    0x0001a0d8   0x0000007c   Code   RO          234    i.on_ble_evt        main.o
    0x0001a154   0x00000024   Code   RO          235    i.on_conn_params_evt  main.o
    0x0001a178   0x00000088   Code   RO          978    i.on_uart_event     app_uart_fifo.o
    0x0001a200   0x000000b2   Code   RO          135    i.on_write          ble_nus.o
    0x0001a2b2   0x00000016   Code   RO          799    i.peer_address_exists  ble_advertising.o
    0x0001a2c8   0x00000028   Code   RO         1101    i.pstorage_access_status_get  pstorage.o
    0x0001a2f0   0x0000004c   Code   RO         1749    i.rtc1_stop         app_timer.o
    0x0001a33c   0x0000000c   Code   RO          472    i.sensor_timer_start  sensor_notify.o
    0x0001a348   0x0000007c   Code   RO          736    i.service_data_encode  ble_advdata.o
    0x0001a3c4   0x00000034   Code   RO          236    i.sleep_mode_enter  main.o
    0x0001a3f8   0x0000000c   Code   RO         1943    i.softdevice_assertion_handler  softdevice_handler.o
    0x0001a404   0x00000014   Code   RO         1944    i.softdevice_ble_evt_handler_set  softdevice_handler.o
    0x0001a418   0x00000030   Code   RO         1945    i.softdevice_handler_init  softdevice_handler.o
    0x0001a448   0x00000024   Code   RO          473    i.tempe_press_light_timeout_handler  sensor_notify.o
    0x0001a46c   0x00000018   Code   RO          474    i.tempe_press_light_timer_start  sensor_notify.o
    0x0001a484   0x00000064   Code   RO         1750    i.timer_list_insert  app_timer.o
    0x0001a4e8   0x00000070   Code   RO         1751    i.timer_list_remove  app_timer.o
    0x0001a558   0x00000084   Code   RO         1752    i.timer_timeouts_check  app_timer.o
    0x0001a5dc   0x00000080   Code   RO            9    i.twi_master_clear_bus  twi_hw_master.o
    0x0001a65c   0x00000050   Code   RO           10    i.twi_master_init   twi_hw_master.o
    0x0001a6ac   0x000000c4   Code   RO           11    i.twi_master_read   twi_hw_master.o
    0x0001a770   0x00000040   Code   RO           12    i.twi_master_transfer  twi_hw_master.o
    0x0001a7b0   0x000000a0   Code   RO           13    i.twi_master_write  twi_hw_master.o
    0x0001a850   0x0000000a   Code   RO          737    i.uint16_encode     ble_advdata.o
    0x0001a85a   0x00000002   PAD
    0x0001a85c   0x00000064   Code   RO          884    i.update_timeout_handler  ble_conn_params.o
    0x0001a8c0   0x00000054   Code   RO         1753    i.user_id_get       app_timer.o
    0x0001a914   0x00000024   Code   RO         1754    i.user_op_alloc     app_timer.o
    0x0001a938   0x00000026   Code   RO          738    i.uuid_list_encode  ble_advdata.o
    0x0001a95e   0x000000a2   Code   RO          739    i.uuid_list_sized_encode  ble_advdata.o
    0x0001aa00   0x00000010   Code   RO          800    i.whitelist_has_entries  ble_advertising.o
    0x0001aa10   0x00000010   Data   RO          136    .constdata          ble_nus.o
    0x0001aa20   0x00000030   Data   RO          556    .constdata          bsp.o
    0x0001aa50   0x00000020   Data   RO         2028    Region$$Table       anon$$obj.o


    Execution Region RW_IRAM1 (Base: 0x20002000, Size: 0x00001090, Max: 0x00002000, ABSOLUTE)

    Base Addr    Size         Type   Attr      Idx    E Section Name        Object

    0x20002000   0x00000001   Data   RW           15    .data               twi_hw_master.o
    0x20002001   0x00000001   PAD
    0x20002002   0x00000008   Data   RW          239    .data               main.o
    0x2000200a   0x0000000d   Data   RW          419    .data               mpu6050.o
    0x20002017   0x00000001   PAD
    0x20002018   0x00000010   Data   RW          475    .data               sensor_notify.o
    0x20002028   0x00000020   Data   RW          557    .data               bsp.o
    0x20002048   0x00000008   Data   RW          654    .data               bsp_btn_ble.o
    0x20002050   0x00000004   Data   RW          699    .data               system_nrf51.o
    0x20002054   0x0000001f   Data   RW          802    .data               ble_advertising.o
    0x20002073   0x00000001   PAD
    0x20002074   0x00000018   Data   RW          886    .data               ble_conn_params.o
    0x2000208c   0x00000008   Data   RW          981    .data               app_uart_fifo.o
    0x20002094   0x00000024   Data   RW         1126    .data               pstorage.o
    0x200020b8   0x00000010   Data   RW         1689    .data               app_scheduler.o
    0x200020c8   0x00000024   Data   RW         1755    .data               app_timer.o
    0x200020ec   0x00000014   Data   RW         1948    .data               softdevice_handler.o
    0x20002100   0x00000032   Zero   RW           14    .bss                twi_hw_master.o
    0x20002132   0x00000002   PAD
    0x20002134   0x000004ec   Zero   RW          238    .bss                main.o
    0x20002620   0x0000000c   Zero   RW          555    .bss                bsp.o
    0x2000262c   0x000000fb   Zero   RW          801    .bss                ble_advertising.o
    0x20002727   0x00000001   PAD
    0x20002728   0x0000001c   Zero   RW          885    .bss                ble_conn_params.o
    0x20002744   0x00000020   Zero   RW          979    .bss                app_uart_fifo.o
    0x20002764   0x000000d8   Zero   RW         1124    .bss                pstorage.o
    0x2000283c   0x00000050   Zero   RW         1380    .bss                nrf_drv_gpiote.o
    0x2000288c   0x00000004   PAD
    0x20002890   0x00000800   Zero   RW          687    STACK               arm_startup_nrf51.o


==============================================================================

Image component sizes


      Code (inc. data)   RO Data    RW Data    ZI Data      Debug   Object Name

         0          0          0          0          0       2956   app_button.o
        28         10          0          0          0       8284   app_error.o
        68          0          0          0          0       2474   app_fifo.o
       398         26          0         16          0      14167   app_scheduler.o
      2058        160          0         36          0      28668   app_timer.o
       436         92          0          8         32       8139   app_uart_fifo.o
        56         18        192          0       2048        652   arm_startup_nrf51.o
      1092          6          0          0          0      12470   ble_advdata.o
       942         26          0         31        251       9824   ble_advertising.o
       456         50          0         24         28       6200   ble_conn_params.o
       710         12         16          0          0      42774   ble_nus.o
       838         74         48         32         12       7438   bsp.o
       200          6          0          8          0       3710   bsp_btn_ble.o
       892         82          0          8       1260      36946   main.o
       308         32          0         13          0       3100   mpu6050.o
        58          4          0          0          0       1579   nrf_delay.o
         0          0          0          0          0        712   nrf_drv_common.o
       332         48          0          0         80      12392   nrf_drv_gpiote.o
        40         10          0         36        216       9025   pstorage.o
       268         60          0         16          0      10053   sensor_notify.o
       244         20          0         20          0       5087   softdevice_handler.o
       156         26          0          4          0       1919   system_nrf51.o
       766        100          0          1         50      30181   twi_hw_master.o

    ----------------------------------------------------------------------
     10372        862        288        256       3984     258750   Object Totals
         0          0         32          0          0          0   (incl. Generated)
        26          0          0          3          7          0   (incl. Padding)

    ----------------------------------------------------------------------

      Code (inc. data)   RO Data    RW Data    ZI Data      Debug   Library Member Name

         0          0          0          0          0          0   entry.o
         0          0          0          0          0          0   entry10a.o
         0          0          0          0          0          0   entry11a.o
         8          4          0          0          0          0   entry2.o
         4          0          0          0          0          0   entry5.o
         0          0          0          0          0          0   entry7b.o
         0          0          0          0          0          0   entry8b.o
         8          4          0          0          0          0   entry9a.o
        30          0          0          0          0          0   handlers.o
        36          8          0          0          0         68   init.o
        36          0          0          0          0         60   memcpya.o
        36          0          0          0          0        100   memseta.o
        44          0          0          0          0         72   uidiv.o

    ----------------------------------------------------------------------
       204         16          0          0          0        300   Library Totals
         2          0          0          0          0          0   (incl. Padding)

    ----------------------------------------------------------------------

      Code (inc. data)   RO Data    RW Data    ZI Data      Debug   Library Name

       202         16          0          0          0        300   mc_p.l

    ----------------------------------------------------------------------
       204         16          0          0          0        300   Library Totals

    ----------------------------------------------------------------------

==============================================================================


      Code (inc. data)   RO Data    RW Data    ZI Data      Debug   

     10576        878        288        256       3984     254118   Grand Totals
     10576        878        288        256       3984     254118   ELF Image Totals
     10576        878        288        256          0          0   ROM Totals

==============================================================================

    Total RO  Size (Code + RO Data)                10864 (  10.61kB)
    Total RW  Size (RW Data + ZI Data)              4240 (   4.14kB)
    Total ROM Size (Code + RO Data + RW Data)      11120 (  10.86kB)

==============================================================================

